Archive member included to satisfy reference by file (symbol)

/home/developer/SimplicityStudio_v5/developer/toolchains/gnu_arm/12.2.rel1_2023.7/bin/../lib/gcc/arm-none-eabi/12.2.1/thumb/v8-m.main+fp/hard/libgcc.a(_aeabi_ldivmod.o)
                              ./simplicity_sdk_2025.6.2/platform/emlib/src/em_eusart.o (__aeabi_ldivmod)
/home/developer/SimplicityStudio_v5/developer/toolchains/gnu_arm/12.2.rel1_2023.7/bin/../lib/gcc/arm-none-eabi/12.2.1/thumb/v8-m.main+fp/hard/libgcc.a(_aeabi_uldivmod.o)
                              ./simplicity_sdk_2025.6.2/platform/emlib/src/em_eusart.o (__aeabi_uldivmod)
/home/developer/SimplicityStudio_v5/developer/toolchains/gnu_arm/12.2.rel1_2023.7/bin/../lib/gcc/arm-none-eabi/12.2.1/thumb/v8-m.main+fp/hard/libgcc.a(_udivmoddi4.o)
                              /home/developer/SimplicityStudio_v5/developer/toolchains/gnu_arm/12.2.rel1_2023.7/bin/../lib/gcc/arm-none-eabi/12.2.1/thumb/v8-m.main+fp/hard/libgcc.a(_aeabi_ldivmod.o) (__udivmoddi4)
/home/developer/SimplicityStudio_v5/developer/toolchains/gnu_arm/12.2.rel1_2023.7/bin/../lib/gcc/arm-none-eabi/12.2.1/thumb/v8-m.main+fp/hard/libgcc.a(_dvmd_tls.o)
                              /home/developer/SimplicityStudio_v5/developer/toolchains/gnu_arm/12.2.rel1_2023.7/bin/../lib/gcc/arm-none-eabi/12.2.1/thumb/v8-m.main+fp/hard/libgcc.a(_aeabi_ldivmod.o) (__aeabi_ldiv0)
/home/developer/SimplicityStudio_v5/developer/toolchains/gnu_arm/12.2.rel1_2023.7/bin/../lib/gcc/arm-none-eabi/12.2.1/../../../../arm-none-eabi/lib/thumb/v8-m.main+fp/hard/libc_nano.a(libc_a-exit.o)
                              /home/developer/SimplicityStudio_v5/developer/toolchains/gnu_arm/12.2.rel1_2023.7/bin/../lib/gcc/arm-none-eabi/12.2.1/../../../../arm-none-eabi/lib/thumb/v8-m.main+fp/hard/crt0.o (exit)
/home/developer/SimplicityStudio_v5/developer/toolchains/gnu_arm/12.2.rel1_2023.7/bin/../lib/gcc/arm-none-eabi/12.2.1/../../../../arm-none-eabi/lib/thumb/v8-m.main+fp/hard/libc_nano.a(libc_a-init.o)
                              /home/developer/SimplicityStudio_v5/developer/toolchains/gnu_arm/12.2.rel1_2023.7/bin/../lib/gcc/arm-none-eabi/12.2.1/../../../../arm-none-eabi/lib/thumb/v8-m.main+fp/hard/crt0.o (__libc_init_array)
/home/developer/SimplicityStudio_v5/developer/toolchains/gnu_arm/12.2.rel1_2023.7/bin/../lib/gcc/arm-none-eabi/12.2.1/../../../../arm-none-eabi/lib/thumb/v8-m.main+fp/hard/libc_nano.a(libc_a-strcmp.o)
                              ./autogen/sl_iostream_handles.o (strcmp)
/home/developer/SimplicityStudio_v5/developer/toolchains/gnu_arm/12.2.rel1_2023.7/bin/../lib/gcc/arm-none-eabi/12.2.1/../../../../arm-none-eabi/lib/thumb/v8-m.main+fp/hard/libc_nano.a(libc_a-vprintf.o)
                              ./simplicity_sdk_2025.6.2/platform/service/iostream/src/sl_iostream.o (vprintf)
/home/developer/SimplicityStudio_v5/developer/toolchains/gnu_arm/12.2.rel1_2023.7/bin/../lib/gcc/arm-none-eabi/12.2.1/../../../../arm-none-eabi/lib/thumb/v8-m.main+fp/hard/libc_nano.a(libc_a-impure.o)
                              ./simplicity_sdk_2025.6.2/platform/service/iostream/src/sl_iostream_stdlib_config.o (_impure_ptr)
/home/developer/SimplicityStudio_v5/developer/toolchains/gnu_arm/12.2.rel1_2023.7/bin/../lib/gcc/arm-none-eabi/12.2.1/../../../../arm-none-eabi/lib/thumb/v8-m.main+fp/hard/libc_nano.a(libc_a-memcpy-stub.o)
                              ./simplicity_sdk_2025.6.2/platform/service/iostream/src/sl_iostream_uart.o (memcpy)
/home/developer/SimplicityStudio_v5/developer/toolchains/gnu_arm/12.2.rel1_2023.7/bin/../lib/gcc/arm-none-eabi/12.2.1/../../../../arm-none-eabi/lib/thumb/v8-m.main+fp/hard/libc_nano.a(libc_a-findfp.o)
                              /home/developer/SimplicityStudio_v5/developer/toolchains/gnu_arm/12.2.rel1_2023.7/bin/../lib/gcc/arm-none-eabi/12.2.1/../../../../arm-none-eabi/lib/thumb/v8-m.main+fp/hard/libc_nano.a(libc_a-exit.o) (__stdio_exit_handler)
/home/developer/SimplicityStudio_v5/developer/toolchains/gnu_arm/12.2.rel1_2023.7/bin/../lib/gcc/arm-none-eabi/12.2.1/../../../../arm-none-eabi/lib/thumb/v8-m.main+fp/hard/libc_nano.a(libc_a-setvbuf.o)
                              ./simplicity_sdk_2025.6.2/platform/service/iostream/src/sl_iostream_stdlib_config.o (setvbuf)
/home/developer/SimplicityStudio_v5/developer/toolchains/gnu_arm/12.2.rel1_2023.7/bin/../lib/gcc/arm-none-eabi/12.2.1/../../../../arm-none-eabi/lib/thumb/v8-m.main+fp/hard/libc_nano.a(libc_a-stdio.o)
                              /home/developer/SimplicityStudio_v5/developer/toolchains/gnu_arm/12.2.rel1_2023.7/bin/../lib/gcc/arm-none-eabi/12.2.1/../../../../arm-none-eabi/lib/thumb/v8-m.main+fp/hard/libc_nano.a(libc_a-findfp.o) (__sread)
/home/developer/SimplicityStudio_v5/developer/toolchains/gnu_arm/12.2.rel1_2023.7/bin/../lib/gcc/arm-none-eabi/12.2.1/../../../../arm-none-eabi/lib/thumb/v8-m.main+fp/hard/libc_nano.a(libc_a-ctype_.o)
                              ./simplicity_sdk_2025.6.2/platform/common/src/sl_string.o (_ctype_)
[...]
Memory Configuration

Name             Origin             Length             Attributes
FLASH            0x0000000008000000 0x000000000017e000 xr
RAM              0x0000000020000000 0x0000000000040000 xrw
*default*        0x0000000000000000 0xffffffffffffffff

Linker script and memory map

LOAD /home/developer/SimplicityStudio_v5/developer/toolchains/gnu_arm/12.2.rel1_2023.7/bin/../lib/gcc/arm-none-eabi/12.2.1/thumb/v8-m.main+fp/hard/crti.o
LOAD /home/developer/SimplicityStudio_v5/developer/toolchains/gnu_arm/12.2.rel1_2023.7/bin/../lib/gcc/arm-none-eabi/12.2.1/thumb/v8-m.main+fp/hard/crtbegin.o
LOAD /home/developer/SimplicityStudio_v5/developer/toolchains/gnu_arm/12.2.rel1_2023.7/bin/../lib/gcc/arm-none-eabi/12.2.1/../../../../arm-none-eabi/lib/thumb/v8-m.main+fp/hard/crt0.o
START GROUP
LOAD ./app.o
LOAD ./main.o
LOAD ./autogen/sl_board_default_init.o
LOAD ./autogen/sl_event_handler.o
LOAD ./autogen/sl_iostream_handles.o
LOAD ./autogen/sl_iostream_init_usart_instances.o
LOAD ./simplicity_sdk_2025.6.2/app/common/util/app_log/app_log.o
LOAD ./simplicity_sdk_2025.6.2/hardware/board/src/sl_board_control_gpio.o
LOAD ./simplicity_sdk_2025.6.2/hardware/board/src/sl_board_init.o
LOAD ./simplicity_sdk_2025.6.2/hardware/driver/configuration_over_swo/src/sl_cos.o
LOAD ./simplicity_sdk_2025.6.2/hardware/driver/mx25_flash_shutdown/src/sl_mx25_flash_shutdown_eusart/sl_mx25_flash_shutdown.o
LOAD ./simplicity_sdk_2025.6.2/platform/Device/SiliconLabs/EFR32MG24/Source/startup_efr32mg24.o
LOAD ./simplicity_sdk_2025.6.2/platform/Device/SiliconLabs/EFR32MG24/Source/system_efr32mg24.o
LOAD ./simplicity_sdk_2025.6.2/platform/common/src/sl_assert.o
LOAD ./simplicity_sdk_2025.6.2/platform/common/src/sl_core_cortexm.o
LOAD ./simplicity_sdk_2025.6.2/platform/common/src/sl_slist.o
LOAD ./simplicity_sdk_2025.6.2/platform/common/src/sl_string.o
LOAD ./simplicity_sdk_2025.6.2/platform/common/src/sl_syscalls.o
LOAD ./simplicity_sdk_2025.6.2/platform/driver/debug/src/sl_debug_swo.o
LOAD ./simplicity_sdk_2025.6.2/platform/driver/gpio/src/sl_gpio.o
LOAD ./simplicity_sdk_2025.6.2/platform/emdrv/dmadrv/src/dmadrv.o
LOAD ./simplicity_sdk_2025.6.2/platform/emlib/src/em_cmu.o
LOAD ./simplicity_sdk_2025.6.2/platform/emlib/src/em_emu.o
LOAD ./simplicity_sdk_2025.6.2/platform/emlib/src/em_eusart.o
LOAD ./simplicity_sdk_2025.6.2/platform/emlib/src/em_gpio.o
LOAD ./simplicity_sdk_2025.6.2/platform/emlib/src/em_ldma.o
LOAD ./simplicity_sdk_2025.6.2/platform/emlib/src/em_msc.o
LOAD ./simplicity_sdk_2025.6.2/platform/emlib/src/em_system.o
LOAD ./simplicity_sdk_2025.6.2/platform/emlib/src/em_usart.o
LOAD ./simplicity_sdk_2025.6.2/platform/peripheral/src/sl_hal_gpio.o
LOAD ./simplicity_sdk_2025.6.2/platform/service/clock_manager/src/sl_clock_manager.o
LOAD ./simplicity_sdk_2025.6.2/platform/service/clock_manager/src/sl_clock_manager_hal_s2.o
LOAD ./simplicity_sdk_2025.6.2/platform/service/clock_manager/src/sl_clock_manager_init.o
LOAD ./simplicity_sdk_2025.6.2/platform/service/clock_manager/src/sl_clock_manager_init_hal_s2.o
LOAD ./simplicity_sdk_2025.6.2/platform/service/device_init/src/sl_device_init_dcdc_s2.o
LOAD ./simplicity_sdk_2025.6.2/platform/service/device_init/src/sl_device_init_emu_s2.o
LOAD ./simplicity_sdk_2025.6.2/platform/service/device_manager/clocks/sl_device_clock_efr32xg24.o
LOAD ./simplicity_sdk_2025.6.2/platform/service/device_manager/src/sl_device_clock.o
LOAD ./simplicity_sdk_2025.6.2/platform/service/device_manager/src/sl_device_gpio.o
LOAD ./simplicity_sdk_2025.6.2/platform/service/interrupt_manager/src/sl_interrupt_manager_cortexm.o
LOAD ./simplicity_sdk_2025.6.2/platform/service/iostream/src/sl_iostream.o
LOAD ./simplicity_sdk_2025.6.2/platform/service/iostream/src/sl_iostream_retarget_stdio.o
LOAD ./simplicity_sdk_2025.6.2/platform/service/iostream/src/sl_iostream_stdlib_config.o
LOAD ./simplicity_sdk_2025.6.2/platform/service/iostream/src/sl_iostream_uart.o
LOAD ./simplicity_sdk_2025.6.2/platform/service/iostream/src/sl_iostream_usart.o
LOAD ./simplicity_sdk_2025.6.2/platform/service/memory_manager/src/sl_memory_manager_region.o
LOAD ./simplicity_sdk_2025.6.2/platform/service/sl_main/sl_system_compatibility/src/sl_system_compatibility.o
LOAD ./simplicity_sdk_2025.6.2/platform/service/sl_main/src/sl_main_init.o
LOAD ./simplicity_sdk_2025.6.2/platform/service/sl_main/src/sl_main_init_memory.o
LOAD ./simplicity_sdk_2025.6.2/platform/service/sl_main/src/sl_main_process_action.o
LOAD ./simplicity_sdk_2025.6.2/platform/service/udelay/src/sl_udelay.o
LOAD ./simplicity_sdk_2025.6.2/platform/service/udelay/src/sl_udelay_armv6m_gcc.o
LOAD /home/developer/SimplicityStudio_v5/developer/toolchains/gnu_arm/12.2.rel1_2023.7/bin/../lib/gcc/arm-none-eabi/12.2.1/thumb/v8-m.main+fp/hard/libgcc.a
LOAD /home/developer/SimplicityStudio_v5/developer/toolchains/gnu_arm/12.2.rel1_2023.7/bin/../lib/gcc/arm-none-eabi/12.2.1/../../../../arm-none-eabi/lib/thumb/v8-m.main+fp/hard/libc_nano.a
LOAD /home/developer/SimplicityStudio_v5/developer/toolchains/gnu_arm/12.2.rel1_2023.7/bin/../lib/gcc/arm-none-eabi/12.2.1/../../../../arm-none-eabi/lib/thumb/v8-m.main+fp/hard/libm.a
LOAD /home/developer/SimplicityStudio_v5/developer/toolchains/gnu_arm/12.2.rel1_2023.7/bin/../lib/gcc/arm-none-eabi/12.2.1/../../../../arm-none-eabi/lib/thumb/v8-m.main+fp/hard/libnosys.a
END GROUP
START GROUP
LOAD /home/developer/SimplicityStudio_v5/developer/toolchains/gnu_arm/12.2.rel1_2023.7/bin/../lib/gcc/arm-none-eabi/12.2.1/thumb/v8-m.main+fp/hard/libgcc.a
LOAD /home/developer/SimplicityStudio_v5/developer/toolchains/gnu_arm/12.2.rel1_2023.7/bin/../lib/gcc/arm-none-eabi/12.2.1/../../../../arm-none-eabi/lib/thumb/v8-m.main+fp/hard/libc_nano.a
LOAD /home/developer/SimplicityStudio_v5/developer/toolchains/gnu_arm/12.2.rel1_2023.7/bin/../lib/gcc/arm-none-eabi/12.2.1/../../../../arm-none-eabi/lib/thumb/v8-m.main+fp/hard/libnosys.a
END GROUP
START GROUP
LOAD /home/developer/SimplicityStudio_v5/developer/toolchains/gnu_arm/12.2.rel1_2023.7/bin/../lib/gcc/arm-none-eabi/12.2.1/thumb/v8-m.main+fp/hard/libgcc.a
LOAD /home/developer/SimplicityStudio_v5/developer/toolchains/gnu_arm/12.2.rel1_2023.7/bin/../lib/gcc/arm-none-eabi/12.2.1/../../../../arm-none-eabi/lib/thumb/v8-m.main+fp/hard/libg_nano.a
LOAD /home/developer/SimplicityStudio_v5/developer/toolchains/gnu_arm/12.2.rel1_2023.7/bin/../lib/gcc/arm-none-eabi/12.2.1/../../../../arm-none-eabi/lib/thumb/v8-m.main+fp/hard/libc_nano.a
END GROUP
START GROUP
LOAD /home/developer/SimplicityStudio_v5/developer/toolchains/gnu_arm/12.2.rel1_2023.7/bin/../lib/gcc/arm-none-eabi/12.2.1/thumb/v8-m.main+fp/hard/libgcc.a
LOAD /home/developer/SimplicityStudio_v5/developer/toolchains/gnu_arm/12.2.rel1_2023.7/bin/../lib/gcc/arm-none-eabi/12.2.1/../../../../arm-none-eabi/lib/thumb/v8-m.main+fp/hard/libc_nano.a
END GROUP
LOAD /home/developer/SimplicityStudio_v5/developer/toolchains/gnu_arm/12.2.rel1_2023.7/bin/../lib/gcc/arm-none-eabi/12.2.1/thumb/v8-m.main+fp/hard/crtend.o
LOAD /home/developer/SimplicityStudio_v5/developer/toolchains/gnu_arm/12.2.rel1_2023.7/bin/../lib/gcc/arm-none-eabi/12.2.1/thumb/v8-m.main+fp/hard/crtn.o

.vectors        0x0000000008000000      0x170
                0x0000000008000000                linker_vectors_begin = .
 *(.vectors)
 .vectors       0x0000000008000000      0x170 ./simplicity_sdk_2025.6.2/platform/Device/SiliconLabs/EFR32MG24/Source/startup_efr32mg24.o
                0x0000000008000000                __Vectors
                0x0000000008000170                linker_vectors_end = .
                0x0000000008000170                __Vectors_End = .
                0x0000000008000170                __Vectors_Size = (__Vectors_End - __Vectors)

.stack          0x0000000020000000     0x1000
                0x0000000020000000                . = ALIGN (0x8)
                0x0000000020000000                __StackLimit = .
 *(.stack*)
 .stack         0x0000000020000000     0x1000 ./simplicity_sdk_2025.6.2/platform/service/memory_manager/src/sl_memory_manager_region.o
                0x0000000020001000                . = ALIGN (0x4)
                0x0000000020001000                __StackTop = .
                0x0000000020001000                PROVIDE (__stack = __StackTop)

.bss            0x0000000020001000      0x554
                0x0000000020001000                . = ALIGN (0x4)
                0x0000000020001000                __bss_start__ = .
 *(SORT_BY_ALIGNMENT(.bss*))
 .bss.object.0  0x0000000020001000       0x18 /home/developer/SimplicityStudio_v5/developer/toolchains/gnu_arm/12.2.rel1_2023.7/bin/../lib/gcc/arm-none-eabi/12.2.1/thumb/v8-m.main+fp/hard/crtbegin.o
 .bss.pin_value
                0x0000000020001018        0x4 ./app.o
 .bss.sl_iostream_recommended_console_stream
                0x000000002000101c        0x4 ./autogen/sl_iostream_handles.o
                0x000000002000101c                sl_iostream_recommended_console_stream
 .bss.context_vcom
                0x0000000020001020       0xb4 ./autogen/sl_iostream_init_usart_instances.o
 .bss.sl_iostream_vcom
                0x00000000200010d4       0x1c ./autogen/sl_iostream_init_usart_instances.o
 .bss.app_log_iostream
                0x00000000200010f0        0x4 ./simplicity_sdk_2025.6.2/app/common/util/app_log/app_log.o
                0x00000000200010f0                app_log_iostream
 .bss.gpio_interrupts
                0x00000000200010f4      0x168 ./simplicity_sdk_2025.6.2/platform/driver/gpio/src/sl_gpio.o
 .bss.dmaXfer   0x000000002000125c      0x100 ./simplicity_sdk_2025.6.2/platform/emdrv/dmadrv/src/dmadrv.o
 .bss.chTable   0x000000002000135c       0x80 ./simplicity_sdk_2025.6.2/platform/emdrv/dmadrv/src/dmadrv.o
 .bss.sli_iostream_default
                0x00000000200013dc        0x4 ./simplicity_sdk_2025.6.2/platform/service/iostream/src/sl_iostream.o
 .bss.__sf      0x00000000200013e0      0x138 /home/developer/SimplicityStudio_v5/developer/toolchains/gnu_arm/12.2.rel1_2023.7/bin/../lib/gcc/arm-none-eabi/12.2.1/../../../../arm-none-eabi/lib/thumb/v8-m.main+fp/hard/libc_nano.a(libc_a-findfp.o)
                0x00000000200013e0                __sf
 .bss.__stdio_exit_handler
                0x0000000020001518        0x4 /home/developer/SimplicityStudio_v5/developer/toolchains/gnu_arm/12.2.rel1_2023.7/bin/../lib/gcc/arm-none-eabi/12.2.1/../../../../arm-none-eabi/lib/thumb/v8-m.main+fp/hard/libc_nano.a(libc_a-findfp.o)
                0x0000000020001518                __stdio_exit_handler
 .bss.errno     0x000000002000151c        0x4 /home/developer/SimplicityStudio_v5/developer/toolchains/gnu_arm/12.2.rel1_2023.7/bin/../lib/gcc/arm-none-eabi/12.2.1/../../../../arm-none-eabi/lib/thumb/v8-m.main+fp/hard/libc_nano.a(libc_a-reent.o)
                0x000000002000151c                errno
 .bss.__malloc_sbrk_start
                0x0000000020001520        0x4 /home/developer/SimplicityStudio_v5/developer/toolchains/gnu_arm/12.2.rel1_2023.7/bin/../lib/gcc/arm-none-eabi/12.2.1/../../../../arm-none-eabi/lib/thumb/v8-m.main+fp/hard/libc_nano.a(libc_a-mallocr.o)
                0x0000000020001520                __malloc_sbrk_start
 .bss.__malloc_free_list
                0x0000000020001524        0x4 /home/developer/SimplicityStudio_v5/developer/toolchains/gnu_arm/12.2.rel1_2023.7/bin/../lib/gcc/arm-none-eabi/12.2.1/../../../../arm-none-eabi/lib/thumb/v8-m.main+fp/hard/libc_nano.a(libc_a-mallocr.o)
                0x0000000020001524                __malloc_free_list
 .bss.completed.1
                0x0000000020001528        0x1 /home/developer/SimplicityStudio_v5/developer/toolchains/gnu_arm/12.2.rel1_2023.7/bin/../lib/gcc/arm-none-eabi/12.2.1/thumb/v8-m.main+fp/hard/crtbegin.o
 .bss.rx_buffer_vcom
                0x0000000020001529       0x20 ./autogen/sl_iostream_init_usart_instances.o
 .bss.level_mask_enabled
                0x0000000020001549        0x1 ./simplicity_sdk_2025.6.2/app/common/util/app_log/app_log.o
 .bss.initialized
                0x000000002000154a        0x1 ./simplicity_sdk_2025.6.2/platform/emdrv/dmadrv/src/dmadrv.o
 .bss.pclkDiv   0x000000002000154b        0x1 ./simplicity_sdk_2025.6.2/platform/emlib/src/em_cmu.o
 .bss.vScaleEM01Config
                0x000000002000154c        0x1 ./simplicity_sdk_2025.6.2/platform/emlib/src/em_emu.o
 .bss.is_interrupt_manager_initialized
                0x000000002000154d        0x1 ./simplicity_sdk_2025.6.2/platform/service/interrupt_manager/src/sl_interrupt_manager_cortexm.o
 .bss.null_byte
                0x000000002000154e        0x1 ./simplicity_sdk_2025.6.2/platform/service/iostream/src/sl_iostream_uart.o
 .bss.__lock___malloc_recursive_mutex
                0x000000002000154f        0x1 /home/developer/SimplicityStudio_v5/developer/toolchains/gnu_arm/12.2.rel1_2023.7/bin/../lib/gcc/arm-none-eabi/12.2.1/../../../../arm-none-eabi/lib/thumb/v8-m.main+fp/hard/libc_nano.a(libc_a-lock.o)
                0x000000002000154f                __lock___malloc_recursive_mutex
 .bss.__lock___sfp_recursive_mutex
                0x0000000020001550        0x1 /home/developer/SimplicityStudio_v5/developer/toolchains/gnu_arm/12.2.rel1_2023.7/bin/../lib/gcc/arm-none-eabi/12.2.1/../../../../arm-none-eabi/lib/thumb/v8-m.main+fp/hard/libc_nano.a(libc_a-lock.o)
                0x0000000020001550                __lock___sfp_recursive_mutex
 *(COMMON)
                0x0000000020001554                . = ALIGN (0x4)
 *fill*         0x0000000020001551        0x3 
                0x0000000020001554                __bss_end__ = .

.noinit
 *(.noinit*)

text_application_ram
                0x0000000020001554        0x0 load address 0x0000000008000170
                0x0000000020001554                . = ALIGN (0x4)
                0x0000000020001554                __vma_ramfuncs_start__ = .
                0x0000000020001554                __text_application_ram_start__ = .
 *(text_application_ram)
                0x0000000020001554                . = ALIGN (0x4)
                0x0000000020001554                __vma_ramfuncs_end__ = .
                0x0000000020001554                __text_application_ram_end__ = .
                0x0000000008000170                __lma_ramfuncs_start__ = LOADADDR (text_application_ram)
                0x0000000008000170                __lma_ramfuncs_end__ = (LOADADDR (text_application_ram) + SIZEOF (text_application_ram))

.rodata         0x0000000008000170        0x0
                0x0000000008000170                __rodata_end__ = .

.text           0x0000000008000170     0x6040
                0x0000000008000170                linker_code_begin = .
 *(SORT_BY_ALIGNMENT(.text*))
 .text          0x0000000008000170        0x8 ./simplicity_sdk_2025.6.2/platform/service/udelay/src/sl_udelay_armv6m_gcc.o
                0x0000000008000170                sli_delay_loop
 .text.deregister_tm_clones
                0x0000000008000178       0x1c /home/developer/SimplicityStudio_v5/developer/toolchains/gnu_arm/12.2.rel1_2023.7/bin/../lib/gcc/arm-none-eabi/12.2.1/thumb/v8-m.main+fp/hard/crtbegin.o
 .text.register_tm_clones
                0x0000000008000194       0x28 /home/developer/SimplicityStudio_v5/developer/toolchains/gnu_arm/12.2.rel1_2023.7/bin/../lib/gcc/arm-none-eabi/12.2.1/thumb/v8-m.main+fp/hard/crtbegin.o
 .text.__do_global_dtors_aux
                0x00000000080001bc       0x28 /home/developer/SimplicityStudio_v5/developer/toolchains/gnu_arm/12.2.rel1_2023.7/bin/../lib/gcc/arm-none-eabi/12.2.1/thumb/v8-m.main+fp/hard/crtbegin.o
 .text.frame_dummy
                0x00000000080001e4       0x24 /home/developer/SimplicityStudio_v5/developer/toolchains/gnu_arm/12.2.rel1_2023.7/bin/../lib/gcc/arm-none-eabi/12.2.1/thumb/v8-m.main+fp/hard/crtbegin.o
 .text          0x0000000008000208       0x7c /home/developer/SimplicityStudio_v5/developer/toolchains/gnu_arm/12.2.rel1_2023.7/bin/../lib/gcc/arm-none-eabi/12.2.1/../../../../arm-none-eabi/lib/thumb/v8-m.main+fp/hard/crt0.o
                0x0000000008000208                _stack_init
                0x0000000008000210                _mainCRTStartup
                0x0000000008000210                _start
 .text.app_init
                0x0000000008000284       0x60 ./app.o
                0x0000000008000284                app_init
 .text.app_process_action
                0x00000000080002e4       0x3c ./app.o
                0x00000000080002e4                app_process_action
 .text.sl_iostream_set_console_instance
                0x0000000008000320       0x24 ./autogen/sl_iostream_handles.o
                0x0000000008000320                sl_iostream_set_console_instance
 .text.sl_iostream_usart_init_vcom
                0x0000000008000344       0xc8 ./autogen/sl_iostream_init_usart_instances.o
                0x0000000008000344                sl_iostream_usart_init_vcom
 .text.sl_iostream_usart_init_instances
                0x000000000800040c       0x1c ./autogen/sl_iostream_init_usart_instances.o
                0x000000000800040c                sl_iostream_usart_init_instances
 .text.USART0_RX_IRQHandler
                0x0000000008000428        0xc ./autogen/sl_iostream_init_usart_instances.o
                0x0000000008000428                USART0_RX_IRQHandler
 .text.app_log_init
                0x0000000008000434       0x38 ./simplicity_sdk_2025.6.2/app/common/util/app_log/app_log.o
                0x0000000008000434                app_log_init
 .text.sl_board_init
                0x000000000800046c       0x18 ./simplicity_sdk_2025.6.2/hardware/board/src/sl_board_init.o
                0x000000000800046c                sl_board_init
 .text.sl_board_preinit
                0x0000000008000484        0xc ./simplicity_sdk_2025.6.2/hardware/board/src/sl_board_init.o
                0x0000000008000484                sl_board_preinit
 .text.sl_mx25_flash_shutdown
                0x0000000008000490      0x170 ./simplicity_sdk_2025.6.2/hardware/driver/mx25_flash_shutdown/src/sl_mx25_flash_shutdown_eusart/sl_mx25_flash_shutdown.o
                0x0000000008000490                sl_mx25_flash_shutdown
 .text.CopyToRam
                0x0000000008000600       0x1c ./simplicity_sdk_2025.6.2/platform/Device/SiliconLabs/EFR32MG24/Source/startup_efr32mg24.o
                0x0000000008000600                CopyToRam
 .text.Reset_Handler
                0x000000000800061c       0x6c ./simplicity_sdk_2025.6.2/platform/Device/SiliconLabs/EFR32MG24/Source/startup_efr32mg24.o
                0x000000000800061c                Reset_Handler
 .text.SystemInit
                0x0000000008000688       0x64 ./simplicity_sdk_2025.6.2/platform/Device/SiliconLabs/EFR32MG24/Source/system_efr32mg24.o
                0x0000000008000688                SystemInit
 .text.SystemHFRCODPLLClockSet
                0x00000000080006ec        0xc ./simplicity_sdk_2025.6.2/platform/Device/SiliconLabs/EFR32MG24/Source/system_efr32mg24.o
                0x00000000080006ec                SystemHFRCODPLLClockSet
 .text.SystemHFXOClockSet
                0x00000000080006f8       0x20 ./simplicity_sdk_2025.6.2/platform/Device/SiliconLabs/EFR32MG24/Source/system_efr32mg24.o
                0x00000000080006f8                SystemHFXOClockSet
 .text.sl_slist_push_back
                0x0000000008000718       0x24 ./simplicity_sdk_2025.6.2/platform/common/src/sl_slist.o
                0x0000000008000718                sl_slist_push_back
 .text.sl_slist_pop
                0x000000000800073c       0x20 ./simplicity_sdk_2025.6.2/platform/common/src/sl_slist.o
                0x000000000800073c                sl_slist_pop
 .text.sl_debug_swo_init
                0x000000000800075c       0xcc ./simplicity_sdk_2025.6.2/platform/driver/debug/src/sl_debug_swo.o
                0x000000000800075c                sl_debug_swo_init
 .text.sl_debug_swo_write_u8
                0x0000000008000828       0x44 ./simplicity_sdk_2025.6.2/platform/driver/debug/src/sl_debug_swo.o
                0x0000000008000828                sl_debug_swo_write_u8
 .text.sl_gpio_dispatch_interrupt
                0x000000000800086c       0x5c ./simplicity_sdk_2025.6.2/platform/driver/gpio/src/sl_gpio.o
 .text.sl_gpio_init
                0x00000000080008c8       0x38 ./simplicity_sdk_2025.6.2/platform/driver/gpio/src/sl_gpio.o
                0x00000000080008c8                sl_gpio_init
 .text.sl_gpio_set_pin_mode
                0x0000000008000900       0x84 ./simplicity_sdk_2025.6.2/platform/driver/gpio/src/sl_gpio.o
                0x0000000008000900                sl_gpio_set_pin_mode
 .text.sl_gpio_set_pin
                0x0000000008000984       0x5c ./simplicity_sdk_2025.6.2/platform/driver/gpio/src/sl_gpio.o
                0x0000000008000984                sl_gpio_set_pin
 .text.sl_gpio_clear_pin
                0x00000000080009e0       0x5c ./simplicity_sdk_2025.6.2/platform/driver/gpio/src/sl_gpio.o
                0x00000000080009e0                sl_gpio_clear_pin
 .text.GPIO_EVEN_IRQHandler
                0x0000000008000a3c       0x20 ./simplicity_sdk_2025.6.2/platform/driver/gpio/src/sl_gpio.o
                0x0000000008000a3c                GPIO_EVEN_IRQHandler
 .text.GPIO_ODD_IRQHandler
                0x0000000008000a5c       0x20 ./simplicity_sdk_2025.6.2/platform/driver/gpio/src/sl_gpio.o
                0x0000000008000a5c                GPIO_ODD_IRQHandler
 .text.StartTransfer
                0x0000000008000a7c      0x17c ./simplicity_sdk_2025.6.2/platform/emdrv/dmadrv/src/dmadrv.o
 .text.DMADRV_AllocateChannel
                0x0000000008000bf8       0x60 ./simplicity_sdk_2025.6.2/platform/emdrv/dmadrv/src/dmadrv.o
                0x0000000008000bf8                DMADRV_AllocateChannel
 .text.DMADRV_DeInit
                0x0000000008000c58       0x44 ./simplicity_sdk_2025.6.2/platform/emdrv/dmadrv/src/dmadrv.o
                0x0000000008000c58                DMADRV_DeInit
 .text.DMADRV_FreeChannel
                0x0000000008000c9c       0x4c ./simplicity_sdk_2025.6.2/platform/emdrv/dmadrv/src/dmadrv.o
                0x0000000008000c9c                DMADRV_FreeChannel
 .text.DMADRV_Init
                0x0000000008000ce8       0x68 ./simplicity_sdk_2025.6.2/platform/emdrv/dmadrv/src/dmadrv.o
                0x0000000008000ce8                DMADRV_Init
 .text.DMADRV_LdmaStartTransfer
                0x0000000008000d50       0x4c ./simplicity_sdk_2025.6.2/platform/emdrv/dmadrv/src/dmadrv.o
                0x0000000008000d50                DMADRV_LdmaStartTransfer
 .text.DMADRV_PauseTransfer
                0x0000000008000d9c       0x40 ./simplicity_sdk_2025.6.2/platform/emdrv/dmadrv/src/dmadrv.o
                0x0000000008000d9c                DMADRV_PauseTransfer
 .text.DMADRV_ResumeTransfer
                0x0000000008000ddc       0x40 ./simplicity_sdk_2025.6.2/platform/emdrv/dmadrv/src/dmadrv.o
                0x0000000008000ddc                DMADRV_ResumeTransfer
 .text.LDMA_IRQHandler
                0x0000000008000e1c       0x74 ./simplicity_sdk_2025.6.2/platform/emdrv/dmadrv/src/dmadrv.o
                0x0000000008000e1c                LDMA_IRQHandler
 .text.EMU_VScaleGet
                0x0000000008000e90       0x18 ./simplicity_sdk_2025.6.2/platform/emlib/src/em_cmu.o
 .text.dpllRefClkGet
                0x0000000008000ea8       0x48 ./simplicity_sdk_2025.6.2/platform/emlib/src/em_cmu.o
 .text.em23GrpaClkGet
                0x0000000008000ef0       0x48 ./simplicity_sdk_2025.6.2/platform/emlib/src/em_cmu.o
 .text.em4GrpaClkGet
                0x0000000008000f38       0x48 ./simplicity_sdk_2025.6.2/platform/emlib/src/em_cmu.o
 .text.sysrtcClkGet
                0x0000000008000f80       0x48 ./simplicity_sdk_2025.6.2/platform/emlib/src/em_cmu.o
 .text.traceClkGet
                0x0000000008000fc8       0x54 ./simplicity_sdk_2025.6.2/platform/emlib/src/em_cmu.o
 .text.em01GrpaClkGet
                0x000000000800101c       0x74 ./simplicity_sdk_2025.6.2/platform/emlib/src/em_cmu.o
 .text.em01GrpcClkGet
                0x0000000008001090       0x70 ./simplicity_sdk_2025.6.2/platform/emlib/src/em_cmu.o
 .text.eusart0ClkGet
                0x0000000008001100       0x74 ./simplicity_sdk_2025.6.2/platform/emlib/src/em_cmu.o
 .text.iadcClkGet
                0x0000000008001174       0x60 ./simplicity_sdk_2025.6.2/platform/emlib/src/em_cmu.o
 .text.wdog0ClkGet
                0x00000000080011d4       0x64 ./simplicity_sdk_2025.6.2/platform/emlib/src/em_cmu.o
 .text.wdog1ClkGet
                0x0000000008001238       0x64 ./simplicity_sdk_2025.6.2/platform/emlib/src/em_cmu.o
 .text.vdac0ClkGet
                0x000000000800129c       0x70 ./simplicity_sdk_2025.6.2/platform/emlib/src/em_cmu.o
 .text.vdac1ClkGet
                0x000000000800130c       0x70 ./simplicity_sdk_2025.6.2/platform/emlib/src/em_cmu.o
 .text.pcnt0ClkGet
                0x000000000800137c       0x4c ./simplicity_sdk_2025.6.2/platform/emlib/src/em_cmu.o
 .text.HFRCODPLLDevinfoGet
                0x00000000080013c8      0x108 ./simplicity_sdk_2025.6.2/platform/emlib/src/em_cmu.o
 .text.CMU_ClockDivGet
                0x00000000080014d0       0x78 ./simplicity_sdk_2025.6.2/platform/emlib/src/em_cmu.o
                0x00000000080014d0                CMU_ClockDivGet
 .text.flashWaitStateControl
                0x0000000008001548       0x58 ./simplicity_sdk_2025.6.2/platform/emlib/src/em_cmu.o
 .text.CMU_ClockEnable
                0x00000000080015a0       0x50 ./simplicity_sdk_2025.6.2/platform/emlib/src/em_cmu.o
                0x00000000080015a0                CMU_ClockEnable
 .text.CMU_ClockFreqGet
                0x00000000080015f0      0x210 ./simplicity_sdk_2025.6.2/platform/emlib/src/em_cmu.o
                0x00000000080015f0                CMU_ClockFreqGet
 .text.rhclkPrescOptimize
                0x0000000008001800       0x20 ./simplicity_sdk_2025.6.2/platform/emlib/src/em_cmu.o
 .text.CMU_ClockSelectGet
                0x0000000008001820      0x208 ./simplicity_sdk_2025.6.2/platform/emlib/src/em_cmu.o
                0x0000000008001820                CMU_ClockSelectGet
 .text.sli_em_cmu_SYSTICEXTCLKENClear
                0x0000000008001a28       0x30 ./simplicity_sdk_2025.6.2/platform/emlib/src/em_cmu.o
                0x0000000008001a28                sli_em_cmu_SYSTICEXTCLKENClear
 .text.CMU_HFXOInit
                0x0000000008001a58      0x224 ./simplicity_sdk_2025.6.2/platform/emlib/src/em_cmu.o
                0x0000000008001a58                CMU_HFXOInit
 .text.CMU_HFXOCTuneDeltaGet
                0x0000000008001c7c        0xc ./simplicity_sdk_2025.6.2/platform/emlib/src/em_cmu.o
                0x0000000008001c7c                CMU_HFXOCTuneDeltaGet
 .text.CMU_LFXOInit
                0x0000000008001c88       0xc4 ./simplicity_sdk_2025.6.2/platform/emlib/src/em_cmu.o
                0x0000000008001c88                CMU_LFXOInit
 .text.CMU_LFXOPrecisionSet
                0x0000000008001d4c        0xc ./simplicity_sdk_2025.6.2/platform/emlib/src/em_cmu.o
                0x0000000008001d4c                CMU_LFXOPrecisionSet
 .text.CMU_HFXOPrecisionSet
                0x0000000008001d58        0xc ./simplicity_sdk_2025.6.2/platform/emlib/src/em_cmu.o
                0x0000000008001d58                CMU_HFXOPrecisionSet
 .text.CMU_LFRCOSetPrecision
                0x0000000008001d64       0x80 ./simplicity_sdk_2025.6.2/platform/emlib/src/em_cmu.o
                0x0000000008001d64                CMU_LFRCOSetPrecision
 .text.CMU_ClockDivSet
                0x0000000008001de4      0x12c ./simplicity_sdk_2025.6.2/platform/emlib/src/em_cmu.o
                0x0000000008001de4                CMU_ClockDivSet
 .text.sli_em_cmu_SYSCLKInitPreClockSelect
                0x0000000008001f10       0x30 ./simplicity_sdk_2025.6.2/platform/emlib/src/em_cmu.o
                0x0000000008001f10                sli_em_cmu_SYSCLKInitPreClockSelect
 .text.pclkDivOptimize
                0x0000000008001f40       0x24 ./simplicity_sdk_2025.6.2/platform/emlib/src/em_cmu.o
 .text.sli_em_cmu_SYSCLKInitPostClockSelect
                0x0000000008001f64       0x40 ./simplicity_sdk_2025.6.2/platform/emlib/src/em_cmu.o
                0x0000000008001f64                sli_em_cmu_SYSCLKInitPostClockSelect
 .text.CMU_HFRCODPLLBandSet
                0x0000000008001fa4      0x11c ./simplicity_sdk_2025.6.2/platform/emlib/src/em_cmu.o
                0x0000000008001fa4                CMU_HFRCODPLLBandSet
 .text.CMU_HFRCOEM23BandSet
                0x00000000080020c0      0x168 ./simplicity_sdk_2025.6.2/platform/emlib/src/em_cmu.o
                0x00000000080020c0                CMU_HFRCOEM23BandSet
 .text.EMU_DCDCSync
                0x0000000008002228       0x10 ./simplicity_sdk_2025.6.2/platform/emlib/src/em_emu.o
 .text.EMU_EM4Init
                0x0000000008002238       0x14 ./simplicity_sdk_2025.6.2/platform/emlib/src/em_emu.o
                0x0000000008002238                EMU_EM4Init
 .text.EMU_VScaleEM01
                0x000000000800224c       0xa8 ./simplicity_sdk_2025.6.2/platform/emlib/src/em_emu.o
                0x000000000800224c                EMU_VScaleEM01
 .text.EMU_VScaleEM01ByClock
                0x00000000080022f4       0x30 ./simplicity_sdk_2025.6.2/platform/emlib/src/em_emu.o
                0x00000000080022f4                EMU_VScaleEM01ByClock
 .text.EMU_DCDCModeSet
                0x0000000008002324       0xac ./simplicity_sdk_2025.6.2/platform/emlib/src/em_emu.o
                0x0000000008002324                EMU_DCDCModeSet
 .text.EMU_DCDCInit
                0x00000000080023d0       0x70 ./simplicity_sdk_2025.6.2/platform/emlib/src/em_emu.o
                0x00000000080023d0                EMU_DCDCInit
 .text.EMU_DCDCSetPFMXModePeakCurrent
                0x0000000008002440       0x6c ./simplicity_sdk_2025.6.2/platform/emlib/src/em_emu.o
                0x0000000008002440                EMU_DCDCSetPFMXModePeakCurrent
 .text.EUSART_Reset
                0x00000000080024ac       0x54 ./simplicity_sdk_2025.6.2/platform/emlib/src/em_eusart.o
                0x00000000080024ac                EUSART_Reset
 .text.EUSART_Enable
                0x0000000008002500       0x6c ./simplicity_sdk_2025.6.2/platform/emlib/src/em_eusart.o
                0x0000000008002500                EUSART_Enable
 .text.EUSART_BaudrateSet
                0x000000000800256c      0x1cc ./simplicity_sdk_2025.6.2/platform/emlib/src/em_eusart.o
                0x000000000800256c                EUSART_BaudrateSet
 .text.EUSART_SpiInit
                0x0000000008002738      0x1fc ./simplicity_sdk_2025.6.2/platform/emlib/src/em_eusart.o
                0x0000000008002738                EUSART_SpiInit
 .text.GPIO_PinOutSet
                0x0000000008002934       0x3c ./simplicity_sdk_2025.6.2/platform/emlib/src/em_gpio.o
 .text.GPIO_PinOutClear
                0x0000000008002970       0x3c ./simplicity_sdk_2025.6.2/platform/emlib/src/em_gpio.o
 .text.GPIO_PinModeSet
                0x00000000080029ac       0x94 ./simplicity_sdk_2025.6.2/platform/emlib/src/em_gpio.o
                0x00000000080029ac                GPIO_PinModeSet
 .text.LDMA_DeInit
                0x0000000008002a40       0x2c ./simplicity_sdk_2025.6.2/platform/emlib/src/em_ldma.o
                0x0000000008002a40                LDMA_DeInit
 .text.LDMA_EnableChannelRequest
                0x0000000008002a6c       0x40 ./simplicity_sdk_2025.6.2/platform/emlib/src/em_ldma.o
                0x0000000008002a6c                LDMA_EnableChannelRequest
 .text.LDMA_Init
                0x0000000008002aac       0x90 ./simplicity_sdk_2025.6.2/platform/emlib/src/em_ldma.o
                0x0000000008002aac                LDMA_Init
 .text.LDMA_StartTransfer
                0x0000000008002b3c       0xf8 ./simplicity_sdk_2025.6.2/platform/emlib/src/em_ldma.o
                0x0000000008002b3c                LDMA_StartTransfer
 .text.LDMA_StopTransfer
                0x0000000008002c34       0x38 ./simplicity_sdk_2025.6.2/platform/emlib/src/em_ldma.o
                0x0000000008002c34                LDMA_StopTransfer
 .text.LDMA_TransferDone
                0x0000000008002c6c       0x44 ./simplicity_sdk_2025.6.2/platform/emlib/src/em_ldma.o
                0x0000000008002c6c                LDMA_TransferDone
 .text.LDMA_TransferRemainingCount
                0x0000000008002cb0       0x44 ./simplicity_sdk_2025.6.2/platform/emlib/src/em_ldma.o
                0x0000000008002cb0                LDMA_TransferRemainingCount
 .text.USART_BaudrateAsyncSet
                0x0000000008002cf4       0xe0 ./simplicity_sdk_2025.6.2/platform/emlib/src/em_usart.o
                0x0000000008002cf4                USART_BaudrateAsyncSet
 .text.USART_Enable
                0x0000000008002dd4       0x3c ./simplicity_sdk_2025.6.2/platform/emlib/src/em_usart.o
                0x0000000008002dd4                USART_Enable
 .text.USART_Reset
                0x0000000008002e10       0x58 ./simplicity_sdk_2025.6.2/platform/emlib/src/em_usart.o
                0x0000000008002e10                USART_Reset
 .text.USART_InitAsync
                0x0000000008002e68       0xd0 ./simplicity_sdk_2025.6.2/platform/emlib/src/em_usart.o
                0x0000000008002e68                USART_InitAsync
 .text.sl_hal_gpio_clear_pin
                0x0000000008002f38       0x58 ./simplicity_sdk_2025.6.2/platform/peripheral/src/sl_hal_gpio.o
                0x0000000008002f38                sl_hal_gpio_clear_pin
 .text.sl_hal_gpio_get_enabled_pending_interrupts
                0x0000000008002f90       0x14 ./simplicity_sdk_2025.6.2/platform/peripheral/src/sl_hal_gpio.o
                0x0000000008002f90                sl_hal_gpio_get_enabled_pending_interrupts
 .text.sl_hal_gpio_set_pin_mode
                0x0000000008002fa4       0xd0 ./simplicity_sdk_2025.6.2/platform/peripheral/src/sl_hal_gpio.o
                0x0000000008002fa4                sl_hal_gpio_set_pin_mode
 .text.sli_clock_manager_hal_init
                0x0000000008003074      0x268 ./simplicity_sdk_2025.6.2/platform/service/clock_manager/src/sl_clock_manager_init_hal_s2.o
                0x0000000008003074                sli_clock_manager_hal_init
 .text.sl_device_init_dcdc
                0x00000000080032dc       0x2c ./simplicity_sdk_2025.6.2/platform/service/device_init/src/sl_device_init_dcdc_s2.o
                0x00000000080032dc                sl_device_init_dcdc
 .text.sl_device_init_emu
                0x0000000008003308       0x24 ./simplicity_sdk_2025.6.2/platform/service/device_init/src/sl_device_init_emu_s2.o
                0x0000000008003308                sl_device_init_emu
 .text.sl_interrupt_manager_disable_irq
                0x000000000800332c       0x3c ./simplicity_sdk_2025.6.2/platform/service/interrupt_manager/src/sl_interrupt_manager_cortexm.o
                0x000000000800332c                sl_interrupt_manager_disable_irq
 .text.sl_interrupt_manager_enable_irq
                0x0000000008003368       0x34 ./simplicity_sdk_2025.6.2/platform/service/interrupt_manager/src/sl_interrupt_manager_cortexm.o
                0x0000000008003368                sl_interrupt_manager_enable_irq
 .text.sl_interrupt_manager_is_irq_disabled
                0x000000000800339c       0x30 ./simplicity_sdk_2025.6.2/platform/service/interrupt_manager/src/sl_interrupt_manager_cortexm.o
                0x000000000800339c                sl_interrupt_manager_is_irq_disabled
 .text.sl_interrupt_manager_clear_irq_pending
                0x00000000080033cc       0x1c ./simplicity_sdk_2025.6.2/platform/service/interrupt_manager/src/sl_interrupt_manager_cortexm.o
                0x00000000080033cc                sl_interrupt_manager_clear_irq_pending
 .text.sl_interrupt_manager_set_irq_priority
                0x00000000080033e8       0x54 ./simplicity_sdk_2025.6.2/platform/service/interrupt_manager/src/sl_interrupt_manager_cortexm.o
                0x00000000080033e8                sl_interrupt_manager_set_irq_priority
 .text.sl_interrupt_manager_init
                0x000000000800343c       0x34 ./simplicity_sdk_2025.6.2/platform/service/interrupt_manager/src/sl_interrupt_manager_cortexm.o
                0x000000000800343c                sl_interrupt_manager_init
 .text.sl_iostream_set_default
                0x0000000008003470       0x18 ./simplicity_sdk_2025.6.2/platform/service/iostream/src/sl_iostream.o
                0x0000000008003470                sl_iostream_set_default
 .text.sl_iostream_get_default
                0x0000000008003488       0x18 ./simplicity_sdk_2025.6.2/platform/service/iostream/src/sl_iostream.o
                0x0000000008003488                sl_iostream_get_default
 .text._write   0x00000000080034a0       0x20 ./simplicity_sdk_2025.6.2/platform/service/iostream/src/sl_iostream_retarget_stdio.o
                0x00000000080034a0                _write
 .text.sl_iostream_stdlib_disable_buffering
                0x00000000080034c0       0x14 ./simplicity_sdk_2025.6.2/platform/service/iostream/src/sl_iostream_stdlib_config.o
                0x00000000080034c0                sl_iostream_stdlib_disable_buffering
 .text.__rx_buffer_empty
                0x00000000080034d4       0x34 ./simplicity_sdk_2025.6.2/platform/service/iostream/src/sl_iostream_uart.o
 .text.__rx_buffer_full
                0x0000000008003508       0x4c ./simplicity_sdk_2025.6.2/platform/service/iostream/src/sl_iostream_uart.o
 .text.__get_write_ptr
                0x0000000008003554       0x60 ./simplicity_sdk_2025.6.2/platform/service/iostream/src/sl_iostream_uart.o
 .text.__uart_async_start_write
                0x00000000080035b4       0x74 ./simplicity_sdk_2025.6.2/platform/service/iostream/src/sl_iostream_uart.o
 .text.set_new_data_detect
                0x0000000008003628      0x174 ./simplicity_sdk_2025.6.2/platform/service/iostream/src/sl_iostream_uart.o
 .text.__uart_async_tx_dma_callback
                0x000000000800379c       0x40 ./simplicity_sdk_2025.6.2/platform/service/iostream/src/sl_iostream_uart.o
 .text.rx_buffer_empty
                0x00000000080037dc       0x38 ./simplicity_sdk_2025.6.2/platform/service/iostream/src/sl_iostream_uart.o
 .text.uart_read
                0x0000000008003814      0x2cc ./simplicity_sdk_2025.6.2/platform/service/iostream/src/sl_iostream_uart.o
 .text.uart_write
                0x0000000008003ae0      0x124 ./simplicity_sdk_2025.6.2/platform/service/iostream/src/sl_iostream_uart.o
 .text.sli_iostream_uart_context_init
                0x0000000008003c04      0x150 ./simplicity_sdk_2025.6.2/platform/service/iostream/src/sl_iostream_uart.o
                0x0000000008003c04                sli_iostream_uart_context_init
 .text.uart_deinit
                0x0000000008003d54       0x9c ./simplicity_sdk_2025.6.2/platform/service/iostream/src/sl_iostream_uart.o
 .text.sl_iostream_usart_init
                0x0000000008003df0      0x174 ./simplicity_sdk_2025.6.2/platform/service/iostream/src/sl_iostream_usart.o
                0x0000000008003df0                sl_iostream_usart_init
 .text.sl_iostream_usart_irq_handler
                0x0000000008003f64        0xc ./simplicity_sdk_2025.6.2/platform/service/iostream/src/sl_iostream_usart.o
                0x0000000008003f64                sl_iostream_usart_irq_handler
 .text._sbrk    0x0000000008003f70       0x20 ./simplicity_sdk_2025.6.2/platform/service/memory_manager/src/sl_memory_manager_region.o
                0x0000000008003f70                _sbrk
 .text.sl_udelay_wait
                0x0000000008003f90       0x58 ./simplicity_sdk_2025.6.2/platform/service/udelay/src/sl_udelay.o
                0x0000000008003f90                sl_udelay_wait
 .text.exit     0x0000000008003fe8       0x24 /home/developer/SimplicityStudio_v5/developer/toolchains/gnu_arm/12.2.rel1_2023.7/bin/../lib/gcc/arm-none-eabi/12.2.1/../../../../arm-none-eabi/lib/thumb/v8-m.main+fp/hard/libc_nano.a(libc_a-exit.o)
                0x0000000008003fe8                exit
 .text.__libc_init_array
                0x000000000800400c       0x48 /home/developer/SimplicityStudio_v5/developer/toolchains/gnu_arm/12.2.rel1_2023.7/bin/../lib/gcc/arm-none-eabi/12.2.1/../../../../arm-none-eabi/lib/thumb/v8-m.main+fp/hard/libc_nano.a(libc_a-init.o)
                0x000000000800400c                __libc_init_array
 .text.vprintf  0x0000000008004054       0x14 /home/developer/SimplicityStudio_v5/developer/toolchains/gnu_arm/12.2.rel1_2023.7/bin/../lib/gcc/arm-none-eabi/12.2.1/../../../../arm-none-eabi/lib/thumb/v8-m.main+fp/hard/libc_nano.a(libc_a-vprintf.o)
                0x0000000008004054                vprintf
                0x0000000008004054                viprintf
 .text.std      0x0000000008004068       0x6c /home/developer/SimplicityStudio_v5/developer/toolchains/gnu_arm/12.2.rel1_2023.7/bin/../lib/gcc/arm-none-eabi/12.2.1/../../../../arm-none-eabi/lib/thumb/v8-m.main+fp/hard/libc_nano.a(libc_a-findfp.o)
 .text.stdio_exit_handler
                0x00000000080040d4       0x18 /home/developer/SimplicityStudio_v5/developer/toolchains/gnu_arm/12.2.rel1_2023.7/bin/../lib/gcc/arm-none-eabi/12.2.1/../../../../arm-none-eabi/lib/thumb/v8-m.main+fp/hard/libc_nano.a(libc_a-findfp.o)
 .text.cleanup_stdio
                0x00000000080040ec       0x40 /home/developer/SimplicityStudio_v5/developer/toolchains/gnu_arm/12.2.rel1_2023.7/bin/../lib/gcc/arm-none-eabi/12.2.1/../../../../arm-none-eabi/lib/thumb/v8-m.main+fp/hard/libc_nano.a(libc_a-findfp.o)
 .text.global_stdio_init.part.0
                0x000000000800412c       0x3c /home/developer/SimplicityStudio_v5/developer/toolchains/gnu_arm/12.2.rel1_2023.7/bin/../lib/gcc/arm-none-eabi/12.2.1/../../../../arm-none-eabi/lib/thumb/v8-m.main+fp/hard/libc_nano.a(libc_a-findfp.o)
 .text.__sfp_lock_acquire
                0x0000000008004168        0xc /home/developer/SimplicityStudio_v5/developer/toolchains/gnu_arm/12.2.rel1_2023.7/bin/../lib/gcc/arm-none-eabi/12.2.1/../../../../arm-none-eabi/lib/thumb/v8-m.main+fp/hard/libc_nano.a(libc_a-findfp.o)
                0x0000000008004168                __sfp_lock_acquire
 .text.__sfp_lock_release
                0x0000000008004174        0xc /home/developer/SimplicityStudio_v5/developer/toolchains/gnu_arm/12.2.rel1_2023.7/bin/../lib/gcc/arm-none-eabi/12.2.1/../../../../arm-none-eabi/lib/thumb/v8-m.main+fp/hard/libc_nano.a(libc_a-findfp.o)
                0x0000000008004174                __sfp_lock_release
 .text.__sinit  0x0000000008004180       0x30 /home/developer/SimplicityStudio_v5/developer/toolchains/gnu_arm/12.2.rel1_2023.7/bin/../lib/gcc/arm-none-eabi/12.2.1/../../../../arm-none-eabi/lib/thumb/v8-m.main+fp/hard/libc_nano.a(libc_a-findfp.o)
                0x0000000008004180                __sinit
 .text.setvbuf  0x00000000080041b0      0x168 /home/developer/SimplicityStudio_v5/developer/toolchains/gnu_arm/12.2.rel1_2023.7/bin/../lib/gcc/arm-none-eabi/12.2.1/../../../../arm-none-eabi/lib/thumb/v8-m.main+fp/hard/libc_nano.a(libc_a-setvbuf.o)
                0x00000000080041b0                setvbuf
 .text._write_r
                0x0000000008004318       0x24 /home/developer/SimplicityStudio_v5/developer/toolchains/gnu_arm/12.2.rel1_2023.7/bin/../lib/gcc/arm-none-eabi/12.2.1/../../../../arm-none-eabi/lib/thumb/v8-m.main+fp/hard/libc_nano.a(libc_a-writer.o)
                0x0000000008004318                _write_r
 .text._free_r  0x000000000800433c       0x94 /home/developer/SimplicityStudio_v5/developer/toolchains/gnu_arm/12.2.rel1_2023.7/bin/../lib/gcc/arm-none-eabi/12.2.1/../../../../arm-none-eabi/lib/thumb/v8-m.main+fp/hard/libc_nano.a(libc_a-freer.o)
                0x000000000800433c                _free_r
 .text._vfprintf_r
                0x00000000080043d0      0x230 /home/developer/SimplicityStudio_v5/developer/toolchains/gnu_arm/12.2.rel1_2023.7/bin/../lib/gcc/arm-none-eabi/12.2.1/../../../../arm-none-eabi/lib/thumb/v8-m.main+fp/hard/libc_nano.a(libc_a-nano-vfprintf.o)
                0x00000000080043d0                _vfiprintf_r
                0x00000000080043d0                _vfprintf_r
 .text.__swsetup_r
                0x0000000008004600       0xac /home/developer/SimplicityStudio_v5/developer/toolchains/gnu_arm/12.2.rel1_2023.7/bin/../lib/gcc/arm-none-eabi/12.2.1/../../../../arm-none-eabi/lib/thumb/v8-m.main+fp/hard/libc_nano.a(libc_a-wsetup.o)
                0x0000000008004600                __swsetup_r
 .text._printf_i
                0x00000000080046ac      0x258 /home/developer/SimplicityStudio_v5/developer/toolchains/gnu_arm/12.2.rel1_2023.7/bin/../lib/gcc/arm-none-eabi/12.2.1/../../../../arm-none-eabi/lib/thumb/v8-m.main+fp/hard/libc_nano.a(libc_a-nano-vfprintf_i.o)
                0x00000000080046ac                _printf_i
 .text._close_r
                0x0000000008004904       0x20 /home/developer/SimplicityStudio_v5/developer/toolchains/gnu_arm/12.2.rel1_2023.7/bin/../lib/gcc/arm-none-eabi/12.2.1/../../../../arm-none-eabi/lib/thumb/v8-m.main+fp/hard/libc_nano.a(libc_a-closer.o)
                0x0000000008004904                _close_r
 .text.malloc   0x0000000008004924       0x10 /home/developer/SimplicityStudio_v5/developer/toolchains/gnu_arm/12.2.rel1_2023.7/bin/../lib/gcc/arm-none-eabi/12.2.1/../../../../arm-none-eabi/lib/thumb/v8-m.main+fp/hard/libc_nano.a(libc_a-malloc.o)
                0x0000000008004924                malloc
 .text.sbrk_aligned
                0x0000000008004934       0x44 /home/developer/SimplicityStudio_v5/developer/toolchains/gnu_arm/12.2.rel1_2023.7/bin/../lib/gcc/arm-none-eabi/12.2.1/../../../../arm-none-eabi/lib/thumb/v8-m.main+fp/hard/libc_nano.a(libc_a-mallocr.o)
 .text._malloc_r
                0x0000000008004978       0xf0 /home/developer/SimplicityStudio_v5/developer/toolchains/gnu_arm/12.2.rel1_2023.7/bin/../lib/gcc/arm-none-eabi/12.2.1/../../../../arm-none-eabi/lib/thumb/v8-m.main+fp/hard/libc_nano.a(libc_a-mallocr.o)
                0x0000000008004978                _malloc_r
 .text._fstat_r
                0x0000000008004a68       0x24 /home/developer/SimplicityStudio_v5/developer/toolchains/gnu_arm/12.2.rel1_2023.7/bin/../lib/gcc/arm-none-eabi/12.2.1/../../../../arm-none-eabi/lib/thumb/v8-m.main+fp/hard/libc_nano.a(libc_a-fstatr.o)
                0x0000000008004a68                _fstat_r
 .text._isatty_r
                0x0000000008004a8c       0x20 /home/developer/SimplicityStudio_v5/developer/toolchains/gnu_arm/12.2.rel1_2023.7/bin/../lib/gcc/arm-none-eabi/12.2.1/../../../../arm-none-eabi/lib/thumb/v8-m.main+fp/hard/libc_nano.a(libc_a-isattyr.o)
                0x0000000008004a8c                _isatty_r
 .text._lseek_r
                0x0000000008004aac       0x24 /home/developer/SimplicityStudio_v5/developer/toolchains/gnu_arm/12.2.rel1_2023.7/bin/../lib/gcc/arm-none-eabi/12.2.1/../../../../arm-none-eabi/lib/thumb/v8-m.main+fp/hard/libc_nano.a(libc_a-lseekr.o)
                0x0000000008004aac                _lseek_r
 .text._read_r  0x0000000008004ad0       0x24 /home/developer/SimplicityStudio_v5/developer/toolchains/gnu_arm/12.2.rel1_2023.7/bin/../lib/gcc/arm-none-eabi/12.2.1/../../../../arm-none-eabi/lib/thumb/v8-m.main+fp/hard/libc_nano.a(libc_a-readr.o)
                0x0000000008004ad0                _read_r
 .text.__malloc_lock
                0x0000000008004af4        0xc /home/developer/SimplicityStudio_v5/developer/toolchains/gnu_arm/12.2.rel1_2023.7/bin/../lib/gcc/arm-none-eabi/12.2.1/../../../../arm-none-eabi/lib/thumb/v8-m.main+fp/hard/libc_nano.a(libc_a-mlock.o)
                0x0000000008004af4                __malloc_lock
 .text.__malloc_unlock
                0x0000000008004b00        0xc /home/developer/SimplicityStudio_v5/developer/toolchains/gnu_arm/12.2.rel1_2023.7/bin/../lib/gcc/arm-none-eabi/12.2.1/../../../../arm-none-eabi/lib/thumb/v8-m.main+fp/hard/libc_nano.a(libc_a-mlock.o)
                0x0000000008004b00                __malloc_unlock
 .text._sbrk_r  0x0000000008004b0c       0x20 /home/developer/SimplicityStudio_v5/developer/toolchains/gnu_arm/12.2.rel1_2023.7/bin/../lib/gcc/arm-none-eabi/12.2.1/../../../../arm-none-eabi/lib/thumb/v8-m.main+fp/hard/libc_nano.a(libc_a-sbrkr.o)
                0x0000000008004b0c                _sbrk_r
 .text.startup.main
                0x0000000008004b2c       0x14 ./main.o
                0x0000000008004b2c                main
 .text.sl_board_default_init
                0x0000000008004b40        0x2 ./autogen/sl_board_default_init.o
                0x0000000008004b40                sl_board_default_init
 .text.sli_driver_permanent_allocation
                0x0000000008004b42        0x2 ./autogen/sl_event_handler.o
                0x0000000008004b42                sli_driver_permanent_allocation
 .text.sli_service_permanent_allocation
                0x0000000008004b44        0x2 ./autogen/sl_event_handler.o
                0x0000000008004b44                sli_service_permanent_allocation
 .text.sli_stack_permanent_allocation
                0x0000000008004b46        0x2 ./autogen/sl_event_handler.o
                0x0000000008004b46                sli_stack_permanent_allocation
 .text.sli_internal_permanent_allocation
                0x0000000008004b48        0x2 ./autogen/sl_event_handler.o
                0x0000000008004b48                sli_internal_permanent_allocation
 .text.sl_platform_init
                0x0000000008004b4a       0x12 ./autogen/sl_event_handler.o
                0x0000000008004b4a                sl_platform_init
 .text.sli_internal_init_early
                0x0000000008004b5c        0x2 ./autogen/sl_event_handler.o
                0x0000000008004b5c                sli_internal_init_early
 .text.sl_driver_init
                0x0000000008004b5e       0x12 ./autogen/sl_event_handler.o
                0x0000000008004b5e                sl_driver_init
 .text.sl_service_init
                0x0000000008004b70       0x16 ./autogen/sl_event_handler.o
                0x0000000008004b70                sl_service_init
 .text.sl_stack_init
                0x0000000008004b86        0x2 ./autogen/sl_event_handler.o
                0x0000000008004b86                sl_stack_init
 .text.sl_internal_app_init
                0x0000000008004b88        0x4 ./autogen/sl_event_handler.o
                0x0000000008004b88                sl_internal_app_init
 .text.sli_platform_process_action
                0x0000000008004b8c        0x2 ./autogen/sl_event_handler.o
                0x0000000008004b8c                sli_platform_process_action
 .text.sli_service_process_action
                0x0000000008004b8e        0x2 ./autogen/sl_event_handler.o
                0x0000000008004b8e                sli_service_process_action
 .text.sli_stack_process_action
                0x0000000008004b90        0x2 ./autogen/sl_event_handler.o
                0x0000000008004b90                sli_stack_process_action
 .text.sli_internal_app_process_action
                0x0000000008004b92        0x2 ./autogen/sl_event_handler.o
                0x0000000008004b92                sli_internal_app_process_action
 .text.USART0_TX_IRQHandler
                0x0000000008004b94        0x4 ./autogen/sl_iostream_init_usart_instances.o
                0x0000000008004b94                USART0_TX_IRQHandler
 .text._app_log_time
                0x0000000008004b98        0x2 ./simplicity_sdk_2025.6.2/app/common/util/app_log/app_log.o
                0x0000000008004b98                _app_log_time
 .text._app_log_counter
                0x0000000008004b9a        0x2 ./simplicity_sdk_2025.6.2/app/common/util/app_log/app_log.o
                0x0000000008004b9a                _app_log_counter
 .text.sl_board_configure_vcom
                0x0000000008004b9c        0x4 ./simplicity_sdk_2025.6.2/hardware/board/src/sl_board_control_gpio.o
                0x0000000008004b9c                sl_board_configure_vcom
 .text.sli_cos_swo_itm_8_write.constprop.0.isra.0
                0x0000000008004ba0       0x78 ./simplicity_sdk_2025.6.2/hardware/driver/configuration_over_swo/src/sl_cos.o
 .text.sl_cos_send_config
                0x0000000008004c18       0x12 ./simplicity_sdk_2025.6.2/hardware/driver/configuration_over_swo/src/sl_cos.o
                0x0000000008004c18                sl_cos_send_config
 .text.sl_cos_config_vcom
                0x0000000008004c2a       0x1c ./simplicity_sdk_2025.6.2/hardware/driver/configuration_over_swo/src/sl_cos.o
                0x0000000008004c2a                sl_cos_config_vcom
 .text.Default_Handler
                0x0000000008004c46        0x2 ./simplicity_sdk_2025.6.2/platform/Device/SiliconLabs/EFR32MG24/Source/startup_efr32mg24.o
                0x0000000008004c46                ULFRCO_IRQHandler
                0x0000000008004c46                AHB2AHB1_IRQHandler
                0x0000000008004c46                SW2_IRQHandler
                0x0000000008004c46                TIMER2_IRQHandler
                0x0000000008004c46                DebugMon_Handler
                0x0000000008004c46                IADC_IRQHandler
                0x0000000008004c46                EUSART0_TX_IRQHandler
                0x0000000008004c46                I2C0_IRQHandler
                0x0000000008004c46                LFXO_IRQHandler
                0x0000000008004c46                HardFault_Handler
                0x0000000008004c46                SMU_SECURE_IRQHandler
                0x0000000008004c46                SysTick_Handler
                0x0000000008004c46                SYSRTC_SEQ_IRQHandler
                0x0000000008004c46                EMUEFP_IRQHandler
                0x0000000008004c46                PendSV_Handler
                0x0000000008004c46                NMI_Handler
                0x0000000008004c46                SYNTH_IRQHandler
                0x0000000008004c46                HOSTMAILBOX_IRQHandler
                0x0000000008004c46                HFXO0_IRQHandler
                0x0000000008004c46                I2C1_IRQHandler
                0x0000000008004c46                WDOG0_IRQHandler
                0x0000000008004c46                TIMER3_IRQHandler
                0x0000000008004c46                SYSCFG_IRQHandler
                0x0000000008004c46                RFECA1_IRQHandler
                0x0000000008004c46                EMUDG_IRQHandler
                0x0000000008004c46                MSC_IRQHandler
                0x0000000008004c46                DPLL0_IRQHandler
                0x0000000008004c46                UsageFault_Handler
                0x0000000008004c46                WDOG1_IRQHandler
                0x0000000008004c46                M33CTI1_IRQHandler
                0x0000000008004c46                TIMER4_IRQHandler
                0x0000000008004c46                VDAC0_IRQHandler
                0x0000000008004c46                SEMBTX_IRQHandler
                0x0000000008004c46                SW0_IRQHandler
                0x0000000008004c46                TIMER0_IRQHandler
                0x0000000008004c46                MVP_IRQHandler
                0x0000000008004c46                LETIMER0_IRQHandler
                0x0000000008004c46                EUSART1_RX_IRQHandler
                0x0000000008004c46                TIMER1_IRQHandler
                0x0000000008004c46                HFRCO0_IRQHandler
                0x0000000008004c46                SecureFault_Handler
                0x0000000008004c46                BUFC_IRQHandler
                0x0000000008004c46                DCDC_IRQHandler
                0x0000000008004c46                MODEM_IRQHandler
                0x0000000008004c46                Default_Handler
                0x0000000008004c46                RAC_SEQ_IRQHandler
                0x0000000008004c46                FRC_PRI_IRQHandler
                0x0000000008004c46                EMU_IRQHandler
                0x0000000008004c46                SW3_IRQHandler
                0x0000000008004c46                KERNEL0_IRQHandler
                0x0000000008004c46                FRC_IRQHandler
                0x0000000008004c46                PCNT0_IRQHandler
                0x0000000008004c46                KERNEL1_IRQHandler
                0x0000000008004c46                AGC_IRQHandler
                0x0000000008004c46                EUSART1_TX_IRQHandler
                0x0000000008004c46                KEYSCAN_IRQHandler
                0x0000000008004c46                sl_app_properties
                0x0000000008004c46                HFRCOEM23_IRQHandler
                0x0000000008004c46                BURTC_IRQHandler
                0x0000000008004c46                SEMBRX_IRQHandler
                0x0000000008004c46                RFECA0_IRQHandler
                0x0000000008004c46                LFRCO_IRQHandler
                0x0000000008004c46                VDAC1_IRQHandler
                0x0000000008004c46                ACMP0_IRQHandler
                0x0000000008004c46                MemManage_Handler
                0x0000000008004c46                AHB2AHB0_IRQHandler
                0x0000000008004c46                SVC_Handler
                0x0000000008004c46                SMU_S_PRIVILEGED_IRQHandler
                0x0000000008004c46                SW1_IRQHandler
                0x0000000008004c46                CMU_IRQHandler
                0x0000000008004c46                EUSART0_RX_IRQHandler
                0x0000000008004c46                RAC_RSM_IRQHandler
                0x0000000008004c46                SETAMPERHOST_IRQHandler
                0x0000000008004c46                AES_IRQHandler
                0x0000000008004c46                M33CTI0_IRQHandler
                0x0000000008004c46                ICACHE0_IRQHandler
                0x0000000008004c46                SMU_NS_PRIVILEGED_IRQHandler
                0x0000000008004c46                FPUEXH_IRQHandler
                0x0000000008004c46                PROTIMER_IRQHandler
                0x0000000008004c46                ACMP1_IRQHandler
                0x0000000008004c46                BusFault_Handler
                0x0000000008004c46                MPAHBRAM_IRQHandler
                0x0000000008004c46                SYSRTC_APP_IRQHandler
 .text.CopyMemory
                0x0000000008004c48       0x1a ./simplicity_sdk_2025.6.2/platform/Device/SiliconLabs/EFR32MG24/Source/startup_efr32mg24.o
                0x0000000008004c48                CopyMemory
 .text.assertEFM
                0x0000000008004c62        0x2 ./simplicity_sdk_2025.6.2/platform/common/src/sl_assert.o
                0x0000000008004c62                assertEFM
 .text.sl_slist_init
                0x0000000008004c64        0x6 ./simplicity_sdk_2025.6.2/platform/common/src/sl_slist.o
                0x0000000008004c64                sl_slist_init
 .text.sl_debug_swo_enable_itm
                0x0000000008004c6a       0x16 ./simplicity_sdk_2025.6.2/platform/driver/debug/src/sl_debug_swo.o
                0x0000000008004c6a                sl_debug_swo_enable_itm
 .text.sl_debug_swo_disable_itm
                0x0000000008004c80       0x18 ./simplicity_sdk_2025.6.2/platform/driver/debug/src/sl_debug_swo.o
                0x0000000008004c80                sl_debug_swo_disable_itm
 .text.DMADRV_PeripheralMemory
                0x0000000008004c98       0x34 ./simplicity_sdk_2025.6.2/platform/emdrv/dmadrv/src/dmadrv.o
                0x0000000008004c98                DMADRV_PeripheralMemory
 .text.BUS_RegMaskedWrite
                0x0000000008004ccc       0x1e ./simplicity_sdk_2025.6.2/platform/emlib/src/em_cmu.o
 .text.waitStateMax
                0x0000000008004cea       0x10 ./simplicity_sdk_2025.6.2/platform/emlib/src/em_cmu.o
 .text.CMU_UpdateWaitStates
                0x0000000008004cfa        0xc ./simplicity_sdk_2025.6.2/platform/emlib/src/em_cmu.o
                0x0000000008004cfa                CMU_UpdateWaitStates
 .text.pclkDivMax
                0x0000000008004d06        0xa ./simplicity_sdk_2025.6.2/platform/emlib/src/em_cmu.o
 .text.EMU_EFPEM01VScale
                0x0000000008004d10        0x2 ./simplicity_sdk_2025.6.2/platform/emlib/src/em_emu.o
                0x0000000008004d10                EMU_EFPEM01VScale
 .text.EMU_DCDCUpdatedHook
                0x0000000008004d12        0x2 ./simplicity_sdk_2025.6.2/platform/emlib/src/em_emu.o
                0x0000000008004d12                EMU_DCDCUpdatedHook
 .text.eusart_sync
                0x0000000008004d14        0x8 ./simplicity_sdk_2025.6.2/platform/emlib/src/em_eusart.o
 .text.EUSART_Disable
                0x0000000008004d1c       0x34 ./simplicity_sdk_2025.6.2/platform/emlib/src/em_eusart.o
 .text.EUSART_Spi_TxRx
                0x0000000008004d50       0x14 ./simplicity_sdk_2025.6.2/platform/emlib/src/em_eusart.o
                0x0000000008004d50                EUSART_Spi_TxRx
 .text.BUS_RegMaskedWrite
                0x0000000008004d64       0x1e ./simplicity_sdk_2025.6.2/platform/emlib/src/em_gpio.o
 .text.USART_Tx
                0x0000000008004d82        0xa ./simplicity_sdk_2025.6.2/platform/emlib/src/em_usart.o
                0x0000000008004d82                USART_Tx
 .text.sl_hal_bus_reg_write_mask
                0x0000000008004d8c       0x1e ./simplicity_sdk_2025.6.2/platform/peripheral/src/sl_hal_gpio.o
 .text.sl_clock_manager_runtime_init
                0x0000000008004daa        0x4 ./simplicity_sdk_2025.6.2/platform/service/clock_manager/src/sl_clock_manager.o
                0x0000000008004daa                sl_clock_manager_runtime_init
 .text.sli_clock_manager_hal_runtime_init
                0x0000000008004dae        0x4 ./simplicity_sdk_2025.6.2/platform/service/clock_manager/src/sl_clock_manager_hal_s2.o
                0x0000000008004dae                sli_clock_manager_hal_runtime_init
 .text.sl_clock_manager_init
                0x0000000008004db2        0x4 ./simplicity_sdk_2025.6.2/platform/service/clock_manager/src/sl_clock_manager_init.o
                0x0000000008004db2                sl_clock_manager_init
 .text.sl_iostream_write
                0x0000000008004db6       0x22 ./simplicity_sdk_2025.6.2/platform/service/iostream/src/sl_iostream.o
                0x0000000008004db6                sl_iostream_write
 .text.sl_iostream_read
                0x0000000008004dd8       0x30 ./simplicity_sdk_2025.6.2/platform/service/iostream/src/sl_iostream.o
                0x0000000008004dd8                sl_iostream_read
 .text.sl_iostream_vprintf
                0x0000000008004e08       0x44 ./simplicity_sdk_2025.6.2/platform/service/iostream/src/sl_iostream.o
                0x0000000008004e08                sl_iostream_vprintf
 .text.sl_iostream_printf
                0x0000000008004e4c       0x1a ./simplicity_sdk_2025.6.2/platform/service/iostream/src/sl_iostream.o
                0x0000000008004e4c                sl_iostream_printf
 .text._close   0x0000000008004e66        0x4 ./simplicity_sdk_2025.6.2/platform/service/iostream/src/sl_iostream_retarget_stdio.o
                0x0000000008004e66                _close
 .text._exit    0x0000000008004e6a        0x2 ./simplicity_sdk_2025.6.2/platform/service/iostream/src/sl_iostream_retarget_stdio.o
                0x0000000008004e6a                _exit
 .text._fstat   0x0000000008004e6c        0xa ./simplicity_sdk_2025.6.2/platform/service/iostream/src/sl_iostream_retarget_stdio.o
                0x0000000008004e6c                _fstat
 .text._isatty  0x0000000008004e76        0x4 ./simplicity_sdk_2025.6.2/platform/service/iostream/src/sl_iostream_retarget_stdio.o
                0x0000000008004e76                _isatty
 .text._lseek   0x0000000008004e7a        0x4 ./simplicity_sdk_2025.6.2/platform/service/iostream/src/sl_iostream_retarget_stdio.o
                0x0000000008004e7a                _lseek
 .text._read    0x0000000008004e7e       0x1c ./simplicity_sdk_2025.6.2/platform/service/iostream/src/sl_iostream_retarget_stdio.o
                0x0000000008004e7e                _read
 .text.set_auto_cr_lf
                0x0000000008004e9a        0x6 ./simplicity_sdk_2025.6.2/platform/service/iostream/src/sl_iostream_uart.o
 .text.get_auto_cr_lf
                0x0000000008004ea0        0x6 ./simplicity_sdk_2025.6.2/platform/service/iostream/src/sl_iostream_uart.o
 .text.__uart_async_rx_dma_callback
                0x0000000008004ea6       0x70 ./simplicity_sdk_2025.6.2/platform/service/iostream/src/sl_iostream_uart.o
 .text.uart_write_async
                0x0000000008004f16       0x46 ./simplicity_sdk_2025.6.2/platform/service/iostream/src/sl_iostream_uart.o
 .text.sli_iostream_uart_unsubscribe_to_new_data
                0x0000000008004f5c       0x1c ./simplicity_sdk_2025.6.2/platform/service/iostream/src/sl_iostream_uart.o
                0x0000000008004f5c                sli_iostream_uart_unsubscribe_to_new_data
 .text.usart_rx
                0x0000000008004f78       0x14 ./simplicity_sdk_2025.6.2/platform/service/iostream/src/sl_iostream_usart.o
 .text.usart_deinit
                0x0000000008004f8c       0x76 ./simplicity_sdk_2025.6.2/platform/service/iostream/src/sl_iostream_usart.o
 .text.usart_tx
                0x0000000008005002        0xe ./simplicity_sdk_2025.6.2/platform/service/iostream/src/sl_iostream_usart.o
 .text.__wrap_sl_system_init
                0x0000000008005010        0x4 ./simplicity_sdk_2025.6.2/platform/service/sl_main/sl_system_compatibility/src/sl_system_compatibility.o
                0x0000000008005010                __wrap_sl_system_init
 .text.__wrap_sl_system_process_action
                0x0000000008005014        0x4 ./simplicity_sdk_2025.6.2/platform/service/sl_main/sl_system_compatibility/src/sl_system_compatibility.o
                0x0000000008005014                __wrap_sl_system_process_action
 .text.app_init_pre_clock
                0x0000000008005018        0x2 ./simplicity_sdk_2025.6.2/platform/service/sl_main/src/sl_main_init.o
                0x0000000008005018                app_init_pre_clock
 .text.app_init_early
                0x000000000800501a        0x2 ./simplicity_sdk_2025.6.2/platform/service/sl_main/src/sl_main_init.o
                0x000000000800501a                app_init_early
 .text.sl_main_second_stage_init
                0x000000000800501c       0x1a ./simplicity_sdk_2025.6.2/platform/service/sl_main/src/sl_main_init.o
                0x000000000800501c                sl_main_second_stage_init
 .text.sl_main_init
                0x0000000008005036       0x2a ./simplicity_sdk_2025.6.2/platform/service/sl_main/src/sl_main_init.o
                0x0000000008005036                sl_main_init
 .text.app_permanent_memory_alloc
                0x0000000008005060        0x2 ./simplicity_sdk_2025.6.2/platform/service/sl_main/src/sl_main_init_memory.o
                0x0000000008005060                app_permanent_memory_alloc
 .text.sli_allocate_permanent_memory
                0x0000000008005062       0x18 ./simplicity_sdk_2025.6.2/platform/service/sl_main/src/sl_main_init_memory.o
                0x0000000008005062                sli_allocate_permanent_memory
 .text.sl_main_process_action
                0x000000000800507a       0x16 ./simplicity_sdk_2025.6.2/platform/service/sl_main/src/sl_main_process_action.o
                0x000000000800507a                sl_main_process_action
 .text.memcpy   0x0000000008005090       0x1a /home/developer/SimplicityStudio_v5/developer/toolchains/gnu_arm/12.2.rel1_2023.7/bin/../lib/gcc/arm-none-eabi/12.2.1/../../../../arm-none-eabi/lib/thumb/v8-m.main+fp/hard/libc_nano.a(libc_a-memcpy-stub.o)
                0x0000000008005090                memcpy
 .text.__sread  0x00000000080050aa       0x22 /home/developer/SimplicityStudio_v5/developer/toolchains/gnu_arm/12.2.rel1_2023.7/bin/../lib/gcc/arm-none-eabi/12.2.1/../../../../arm-none-eabi/lib/thumb/v8-m.main+fp/hard/libc_nano.a(libc_a-stdio.o)
                0x00000000080050aa                __sread
 .text.__swrite
                0x00000000080050cc       0x38 /home/developer/SimplicityStudio_v5/developer/toolchains/gnu_arm/12.2.rel1_2023.7/bin/../lib/gcc/arm-none-eabi/12.2.1/../../../../arm-none-eabi/lib/thumb/v8-m.main+fp/hard/libc_nano.a(libc_a-stdio.o)
                0x00000000080050cc                __swrite
 .text.__sseek  0x0000000008005104       0x24 /home/developer/SimplicityStudio_v5/developer/toolchains/gnu_arm/12.2.rel1_2023.7/bin/../lib/gcc/arm-none-eabi/12.2.1/../../../../arm-none-eabi/lib/thumb/v8-m.main+fp/hard/libc_nano.a(libc_a-stdio.o)
                0x0000000008005104                __sseek
 .text.__sclose
                0x0000000008005128        0x8 /home/developer/SimplicityStudio_v5/developer/toolchains/gnu_arm/12.2.rel1_2023.7/bin/../lib/gcc/arm-none-eabi/12.2.1/../../../../arm-none-eabi/lib/thumb/v8-m.main+fp/hard/libc_nano.a(libc_a-stdio.o)
                0x0000000008005128                __sclose
 .text._fwalk_sglue
                0x0000000008005130       0x3c /home/developer/SimplicityStudio_v5/developer/toolchains/gnu_arm/12.2.rel1_2023.7/bin/../lib/gcc/arm-none-eabi/12.2.1/../../../../arm-none-eabi/lib/thumb/v8-m.main+fp/hard/libc_nano.a(libc_a-fwalk.o)
                0x0000000008005130                _fwalk_sglue
 .text.memset   0x000000000800516c       0x10 /home/developer/SimplicityStudio_v5/developer/toolchains/gnu_arm/12.2.rel1_2023.7/bin/../lib/gcc/arm-none-eabi/12.2.1/../../../../arm-none-eabi/lib/thumb/v8-m.main+fp/hard/libc_nano.a(libc_a-memset.o)
                0x000000000800516c                memset
 .text.__retarget_lock_init_recursive
                0x000000000800517c        0x2 /home/developer/SimplicityStudio_v5/developer/toolchains/gnu_arm/12.2.rel1_2023.7/bin/../lib/gcc/arm-none-eabi/12.2.1/../../../../arm-none-eabi/lib/thumb/v8-m.main+fp/hard/libc_nano.a(libc_a-lock.o)
                0x000000000800517c                __retarget_lock_init_recursive
 .text.__retarget_lock_acquire_recursive
                0x000000000800517e        0x2 /home/developer/SimplicityStudio_v5/developer/toolchains/gnu_arm/12.2.rel1_2023.7/bin/../lib/gcc/arm-none-eabi/12.2.1/../../../../arm-none-eabi/lib/thumb/v8-m.main+fp/hard/libc_nano.a(libc_a-lock.o)
                0x000000000800517e                __retarget_lock_acquire_recursive
 .text.__retarget_lock_release_recursive
                0x0000000008005180        0x2 /home/developer/SimplicityStudio_v5/developer/toolchains/gnu_arm/12.2.rel1_2023.7/bin/../lib/gcc/arm-none-eabi/12.2.1/../../../../arm-none-eabi/lib/thumb/v8-m.main+fp/hard/libc_nano.a(libc_a-lock.o)
                0x0000000008005180                __retarget_lock_release_recursive
 .text.__swhatbuf_r
                0x0000000008005182       0x4a /home/developer/SimplicityStudio_v5/developer/toolchains/gnu_arm/12.2.rel1_2023.7/bin/../lib/gcc/arm-none-eabi/12.2.1/../../../../arm-none-eabi/lib/thumb/v8-m.main+fp/hard/libc_nano.a(libc_a-makebuf.o)
                0x0000000008005182                __swhatbuf_r
 .text.__smakebuf_r
                0x00000000080051cc       0x78 /home/developer/SimplicityStudio_v5/developer/toolchains/gnu_arm/12.2.rel1_2023.7/bin/../lib/gcc/arm-none-eabi/12.2.1/../../../../arm-none-eabi/lib/thumb/v8-m.main+fp/hard/libc_nano.a(libc_a-makebuf.o)
                0x00000000080051cc                __smakebuf_r
 .text.__sfputc_r
                0x0000000008005244       0x2e /home/developer/SimplicityStudio_v5/developer/toolchains/gnu_arm/12.2.rel1_2023.7/bin/../lib/gcc/arm-none-eabi/12.2.1/../../../../arm-none-eabi/lib/thumb/v8-m.main+fp/hard/libc_nano.a(libc_a-nano-vfprintf.o)
 .text.__sfputs_r
                0x0000000008005272       0x24 /home/developer/SimplicityStudio_v5/developer/toolchains/gnu_arm/12.2.rel1_2023.7/bin/../lib/gcc/arm-none-eabi/12.2.1/../../../../arm-none-eabi/lib/thumb/v8-m.main+fp/hard/libc_nano.a(libc_a-nano-vfprintf.o)
                0x0000000008005272                __sfputs_r
 .text.__swbuf_r
                0x0000000008005296       0x7c /home/developer/SimplicityStudio_v5/developer/toolchains/gnu_arm/12.2.rel1_2023.7/bin/../lib/gcc/arm-none-eabi/12.2.1/../../../../arm-none-eabi/lib/thumb/v8-m.main+fp/hard/libc_nano.a(libc_a-wbuf.o)
                0x0000000008005296                __swbuf_r
 .text._printf_common
                0x0000000008005312       0xe4 /home/developer/SimplicityStudio_v5/developer/toolchains/gnu_arm/12.2.rel1_2023.7/bin/../lib/gcc/arm-none-eabi/12.2.1/../../../../arm-none-eabi/lib/thumb/v8-m.main+fp/hard/libc_nano.a(libc_a-nano-vfprintf_i.o)
                0x0000000008005312                _printf_common
 .text.__sflush_r
                0x00000000080053f6      0x106 /home/developer/SimplicityStudio_v5/developer/toolchains/gnu_arm/12.2.rel1_2023.7/bin/../lib/gcc/arm-none-eabi/12.2.1/../../../../arm-none-eabi/lib/thumb/v8-m.main+fp/hard/libc_nano.a(libc_a-fflush.o)
                0x00000000080053f6                __sflush_r
 .text._fflush_r
                0x00000000080054fc       0x50 /home/developer/SimplicityStudio_v5/developer/toolchains/gnu_arm/12.2.rel1_2023.7/bin/../lib/gcc/arm-none-eabi/12.2.1/../../../../arm-none-eabi/lib/thumb/v8-m.main+fp/hard/libc_nano.a(libc_a-fflush.o)
                0x00000000080054fc                _fflush_r
 .text.memchr   0x000000000800554c       0x1c /home/developer/SimplicityStudio_v5/developer/toolchains/gnu_arm/12.2.rel1_2023.7/bin/../lib/gcc/arm-none-eabi/12.2.1/../../../../arm-none-eabi/lib/thumb/v8-m.main+fp/hard/libc_nano.a(libc_a-memchr-stub.o)
                0x000000000800554c                memchr
 *(SORT_BY_ALIGNMENT(text_*))
 text_system_timecritical19225
                0x0000000008005568        0xc ./simplicity_sdk_2025.6.2/platform/Device/SiliconLabs/EFR32MG24/Source/system_efr32mg24.o
                0x0000000008005568                SystemHFRCODPLLClockGet
 text_system_timecritical20228
                0x0000000008005574       0x40 ./simplicity_sdk_2025.6.2/platform/Device/SiliconLabs/EFR32MG24/Source/system_efr32mg24.o
                0x0000000008005574                SystemSYSCLKGet
 text_system_timecritical16181
                0x00000000080055b4       0x24 ./simplicity_sdk_2025.6.2/platform/Device/SiliconLabs/EFR32MG24/Source/system_efr32mg24.o
                0x00000000080055b4                SystemHCLKGet
 text_system_timecritical21230
                0x00000000080055d8        0x8 ./simplicity_sdk_2025.6.2/platform/Device/SiliconLabs/EFR32MG24/Source/system_efr32mg24.o
                0x00000000080055d8                SystemMaxCoreClockGet
 text_system_timecritical22232
                0x00000000080055e0        0x8 ./simplicity_sdk_2025.6.2/platform/Device/SiliconLabs/EFR32MG24/Source/system_efr32mg24.o
                0x00000000080055e0                SystemFSRCOClockGet
 text_system_timecritical23234
                0x00000000080055e8        0xc ./simplicity_sdk_2025.6.2/platform/Device/SiliconLabs/EFR32MG24/Source/system_efr32mg24.o
                0x00000000080055e8                SystemHFXOClockGet
 text_system_timecritical24237
                0x00000000080055f4        0x8 ./simplicity_sdk_2025.6.2/platform/Device/SiliconLabs/EFR32MG24/Source/system_efr32mg24.o
                0x00000000080055f4                SystemCLKIN0Get
 text_system_timecritical25239
                0x00000000080055fc       0x90 ./simplicity_sdk_2025.6.2/platform/Device/SiliconLabs/EFR32MG24/Source/system_efr32mg24.o
                0x00000000080055fc                SystemHFRCOEM23ClockGet
 text_system_timecritical26241
                0x000000000800568c        0xc ./simplicity_sdk_2025.6.2/platform/Device/SiliconLabs/EFR32MG24/Source/system_efr32mg24.o
                0x000000000800568c                SystemLFXOClockGet
 text_dmadrv_timecritical29166
                0x0000000008005698       0x40 ./simplicity_sdk_2025.6.2/platform/emdrv/dmadrv/src/dmadrv.o
                0x0000000008005698                DMADRV_StopTransfer
 text_dmadrv_timecritical32174
                0x00000000080056d8       0x44 ./simplicity_sdk_2025.6.2/platform/emdrv/dmadrv/src/dmadrv.o
                0x00000000080056d8                DMADRV_TransferDone
 text_dmadrv_timecritical33177
                0x000000000800571c       0x44 ./simplicity_sdk_2025.6.2/platform/emdrv/dmadrv/src/dmadrv.o
                0x000000000800571c                DMADRV_TransferRemainingCount
 text_hal_gpio_timecritical29429
                0x0000000008005760       0x58 ./simplicity_sdk_2025.6.2/platform/peripheral/src/sl_hal_gpio.o
                0x0000000008005760                sl_hal_gpio_set_pin
 text_clock_manager_timecritical2674
                0x00000000080057b8       0x54 ./simplicity_sdk_2025.6.2/platform/service/clock_manager/src/sl_clock_manager_hal_s2.o
                0x00000000080057b8                sli_clock_manager_hal_enable_bus_clock
 text_system_timecritical27244
                0x000000000800580c        0x6 ./simplicity_sdk_2025.6.2/platform/Device/SiliconLabs/EFR32MG24/Source/system_efr32mg24.o
                0x000000000800580c                SystemLFRCOClockGet
 text_system_timecritical28246
                0x0000000008005812        0x6 ./simplicity_sdk_2025.6.2/platform/Device/SiliconLabs/EFR32MG24/Source/system_efr32mg24.o
                0x0000000008005812                SystemULFRCOClockGet
 text_core_timecritical2307
                0x0000000008005818        0xa ./simplicity_sdk_2025.6.2/platform/common/src/sl_core_cortexm.o
                0x0000000008005818                CORE_ExitCritical
 text_core_timecritical4331
                0x0000000008005822        0x8 ./simplicity_sdk_2025.6.2/platform/common/src/sl_core_cortexm.o
                0x0000000008005822                CORE_EnterCritical
 text_core_timecritical7363
                0x000000000800582a        0xa ./simplicity_sdk_2025.6.2/platform/common/src/sl_core_cortexm.o
                0x000000000800582a                CORE_ExitAtomic
 text_core_timecritical9387
                0x0000000008005834        0xc ./simplicity_sdk_2025.6.2/platform/common/src/sl_core_cortexm.o
                0x0000000008005834                CORE_EnterAtomic
 text_clock_manager_timecritical1352
                0x0000000008005840        0xa ./simplicity_sdk_2025.6.2/platform/service/clock_manager/src/sl_clock_manager.o
                0x0000000008005840                sl_clock_manager_get_clock_branch_frequency
 text_clock_manager_timecritical2380
                0x000000000800584a        0x6 ./simplicity_sdk_2025.6.2/platform/service/clock_manager/src/sl_clock_manager.o
                0x000000000800584a                sl_clock_manager_enable_bus_clock
 text_clock_manager_timecritical3394
                0x0000000008005850        0x6 ./simplicity_sdk_2025.6.2/platform/service/clock_manager/src/sl_clock_manager.o
                0x0000000008005850                sl_clock_manager_disable_bus_clock
 text_clock_manager_timecritical2561
                0x0000000008005856       0xc4 ./simplicity_sdk_2025.6.2/platform/service/clock_manager/src/sl_clock_manager_hal_s2.o
                0x0000000008005856                sli_clock_manager_hal_get_clock_branch_frequency
                0x0000000008005920                . = ALIGN (0x20)
 *fill*         0x000000000800591a        0x6 
                0x0000000008005920                linker_code_end = .
 *(.init)
 .init          0x0000000008005920        0x4 /home/developer/SimplicityStudio_v5/developer/toolchains/gnu_arm/12.2.rel1_2023.7/bin/../lib/gcc/arm-none-eabi/12.2.1/thumb/v8-m.main+fp/hard/crti.o
                0x0000000008005920                _init
 .init          0x0000000008005924        0x8 /home/developer/SimplicityStudio_v5/developer/toolchains/gnu_arm/12.2.rel1_2023.7/bin/../lib/gcc/arm-none-eabi/12.2.1/thumb/v8-m.main+fp/hard/crtn.o
 *(.fini)
 .fini          0x000000000800592c        0x4 /home/developer/SimplicityStudio_v5/developer/toolchains/gnu_arm/12.2.rel1_2023.7/bin/../lib/gcc/arm-none-eabi/12.2.1/thumb/v8-m.main+fp/hard/crti.o
                0x000000000800592c                _fini
 .fini          0x0000000008005930        0x8 /home/developer/SimplicityStudio_v5/developer/toolchains/gnu_arm/12.2.rel1_2023.7/bin/../lib/gcc/arm-none-eabi/12.2.1/thumb/v8-m.main+fp/hard/crtn.o
 *crtbegin.o(.ctors)
 *crtbegin?.o(.ctors)
 *(EXCLUDE_FILE(*crtend.o *crtend?.o) .ctors)
 *(SORT_BY_NAME(.ctors.*))
 *(.ctors)
 *crtbegin.o(.dtors)
 *crtbegin?.o(.dtors)
 *(EXCLUDE_FILE(*crtend.o *crtend?.o) .dtors)
 *(SORT_BY_NAME(.dtors.*))
 *(.dtors)
 *(.rodata*)
 .rodata.app_init.str1.1
                0x0000000008005938       0x17 ./app.o
                                         0x2b (size before relaxing)
 .rodata.app_process_action.str1.1
                0x000000000800594f       0x18 ./app.o
 .rodata.sl_iostream_usart_init_vcom.str1.1
                0x0000000008005967       0x2e ./autogen/sl_iostream_init_usart_instances.o
 .rodata.str1.1
                0x0000000008005995        0x5 ./autogen/sl_iostream_init_usart_instances.o
 *fill*         0x000000000800599a        0x2 
 .rodata        0x000000000800599c       0x1c ./autogen/sl_iostream_init_usart_instances.o
 .rodata        0x00000000080059b8       0x3a ./simplicity_sdk_2025.6.2/hardware/driver/mx25_flash_shutdown/src/sl_mx25_flash_shutdown_eusart/sl_mx25_flash_shutdown.o
 .rodata.sl_slist_push.str1.1
                0x00000000080059f2       0x56 ./simplicity_sdk_2025.6.2/platform/common/src/sl_slist.o
 .rodata.str1.1
                0x0000000008005a48       0x5a ./simplicity_sdk_2025.6.2/platform/driver/gpio/src/sl_gpio.o
 .rodata.CSWTCH.74
                0x0000000008005aa2        0x6 ./simplicity_sdk_2025.6.2/platform/driver/gpio/src/sl_gpio.o
 .rodata        0x0000000008005aa8        0x4 ./simplicity_sdk_2025.6.2/platform/emdrv/dmadrv/src/dmadrv.o
 .rodata.traceClkGet.str1.1
                0x0000000008005aac       0x53 ./simplicity_sdk_2025.6.2/platform/emlib/src/em_cmu.o
 .rodata.EMU_VScaleEM01.str1.1
                0x0000000008005aff       0x53 ./simplicity_sdk_2025.6.2/platform/emlib/src/em_emu.o
 .rodata.EUSART_Enable.str1.1
                0x0000000008005b52       0x56 ./simplicity_sdk_2025.6.2/platform/emlib/src/em_eusart.o
 .rodata.GPIO_PinOutSet.str1.1
                0x0000000008005ba8       0x55 ./simplicity_sdk_2025.6.2/platform/emlib/src/em_gpio.o
 .rodata.GPIO_ExtIntConfig.str1.1
                0x0000000008005bfd       0x54 ./simplicity_sdk_2025.6.2/platform/emlib/src/em_gpio.o
 *fill*         0x0000000008005c51        0x1 
 .rodata.CSWTCH.32
                0x0000000008005c52        0x8 ./simplicity_sdk_2025.6.2/platform/emlib/src/em_gpio.o
 .rodata.LDMA_EnableChannelRequest.str1.1
                0x0000000008005c5a       0xa8 ./simplicity_sdk_2025.6.2/platform/emlib/src/em_ldma.o
 .rodata.USART_BaudrateAsyncSet.str1.1
                0x0000000008005d02       0x55 ./simplicity_sdk_2025.6.2/platform/emlib/src/em_usart.o
 .rodata.str1.1
                0x0000000008005d57       0x5e ./simplicity_sdk_2025.6.2/platform/peripheral/src/sl_hal_gpio.o
 .rodata.sl_hal_gpio_set_pin_mode.str1.1
                0x0000000008005db5       0x5d ./simplicity_sdk_2025.6.2/platform/peripheral/src/sl_hal_gpio.o
 .rodata.CSWTCH.54
                0x0000000008005e12        0x6 ./simplicity_sdk_2025.6.2/platform/peripheral/src/sl_hal_gpio.o
 .rodata.str1.1
                0x0000000008005e18       0x74 ./simplicity_sdk_2025.6.2/platform/service/clock_manager/src/sl_clock_manager_hal_s2.o
                                         0xc8 (size before relaxing)
 .rodata.sli_clock_manager_hal_init.str1.1
                0x0000000008005e8c       0x79 ./simplicity_sdk_2025.6.2/platform/service/clock_manager/src/sl_clock_manager_init_hal_s2.o
 *fill*         0x0000000008005f05        0x3 
 .rodata        0x0000000008005f08       0x3c ./simplicity_sdk_2025.6.2/platform/service/clock_manager/src/sl_clock_manager_init_hal_s2.o
 .rodata        0x0000000008005f44        0x7 ./simplicity_sdk_2025.6.2/platform/service/device_init/src/sl_device_init_dcdc_s2.o
 *fill*         0x0000000008005f4b        0x1 
 .rodata.SL_BUS_CLOCK_SYSRTC0_VALUE
                0x0000000008005f4c        0x4 ./simplicity_sdk_2025.6.2/platform/service/device_manager/clocks/sl_device_clock_efr32xg24.o
                0x0000000008005f4c                SL_BUS_CLOCK_SYSRTC0_VALUE
 .rodata.SL_BUS_CLOCK_LFRCO_VALUE
                0x0000000008005f50        0x4 ./simplicity_sdk_2025.6.2/platform/service/device_manager/clocks/sl_device_clock_efr32xg24.o
                0x0000000008005f50                SL_BUS_CLOCK_LFRCO_VALUE
 .rodata.SL_BUS_CLOCK_GPIO_VALUE
                0x0000000008005f54        0x4 ./simplicity_sdk_2025.6.2/platform/service/device_manager/clocks/sl_device_clock_efr32xg24.o
                0x0000000008005f54                SL_BUS_CLOCK_GPIO_VALUE
 .rodata.SL_BUS_CLOCK_EUSART1_VALUE
                0x0000000008005f58        0x4 ./simplicity_sdk_2025.6.2/platform/service/device_manager/clocks/sl_device_clock_efr32xg24.o
                0x0000000008005f58                SL_BUS_CLOCK_EUSART1_VALUE
 .rodata.sl_interrupt_manager_disable_irq.str1.1
                0x0000000008005f5c       0x7d ./simplicity_sdk_2025.6.2/platform/service/interrupt_manager/src/sl_interrupt_manager_cortexm.o
 .rodata._write.str1.1
                0x0000000008005fd9       0x72 ./simplicity_sdk_2025.6.2/platform/service/iostream/src/sl_iostream_retarget_stdio.o
 .rodata.__rx_buffer_full.str1.1
                0x000000000800604b       0x68 ./simplicity_sdk_2025.6.2/platform/service/iostream/src/sl_iostream_uart.o
 .rodata.sl_iostream_usart_irq_handler.str1.1
                0x00000000080060b3       0x69 ./simplicity_sdk_2025.6.2/platform/service/iostream/src/sl_iostream_usart.o
 .rodata.sl_udelay_wait.str1.1
                0x000000000800611c       0x5f ./simplicity_sdk_2025.6.2/platform/service/udelay/src/sl_udelay.o
 .rodata._vfprintf_r.str1.1
                0x000000000800617b       0x11 /home/developer/SimplicityStudio_v5/developer/toolchains/gnu_arm/12.2.rel1_2023.7/bin/../lib/gcc/arm-none-eabi/12.2.1/../../../../arm-none-eabi/lib/thumb/v8-m.main+fp/hard/libc_nano.a(libc_a-nano-vfprintf.o)
 .rodata._printf_i.str1.1
                0x000000000800618c       0x22 /home/developer/SimplicityStudio_v5/developer/toolchains/gnu_arm/12.2.rel1_2023.7/bin/../lib/gcc/arm-none-eabi/12.2.1/../../../../arm-none-eabi/lib/thumb/v8-m.main+fp/hard/libc_nano.a(libc_a-nano-vfprintf_i.o)
 *(.eh_frame*)
 *fill*         0x00000000080061ae        0x2 
 .eh_frame      0x00000000080061b0        0x0 /home/developer/SimplicityStudio_v5/developer/toolchains/gnu_arm/12.2.rel1_2023.7/bin/../lib/gcc/arm-none-eabi/12.2.1/thumb/v8-m.main+fp/hard/crtbegin.o

.glue_7         0x00000000080061b0        0x0
 .glue_7        0x00000000080061b0        0x0 linker stubs

.glue_7t        0x00000000080061b0        0x0
 .glue_7t       0x00000000080061b0        0x0 linker stubs

.vfp11_veneer   0x00000000080061b0        0x0
 .vfp11_veneer  0x00000000080061b0        0x0 linker stubs

.v4_bx          0x00000000080061b0        0x0
 .v4_bx         0x00000000080061b0        0x0 linker stubs

.iplt           0x00000000080061b0        0x0
 .iplt          0x00000000080061b0        0x0 /home/developer/SimplicityStudio_v5/developer/toolchains/gnu_arm/12.2.rel1_2023.7/bin/../lib/gcc/arm-none-eabi/12.2.1/thumb/v8-m.main+fp/hard/crtbegin.o

.ARM.extab
 *(.ARM.extab* .gnu.linkonce.armextab.*)
                0x00000000080061b0                __exidx_start = .

.ARM.exidx      0x00000000080061b0        0x8
 *(.ARM.exidx* .gnu.linkonce.armexidx.*)
 .ARM.exidx     0x00000000080061b0        0x8 /home/developer/SimplicityStudio_v5/developer/toolchains/gnu_arm/12.2.rel1_2023.7/bin/../lib/gcc/arm-none-eabi/12.2.1/../../../../arm-none-eabi/lib/thumb/v8-m.main+fp/hard/crt0.o
                                         0x10 (size before relaxing)
                0x00000000080061b8                __exidx_end = .

.copy.table     0x00000000080061b8        0xc
                0x00000000080061b8                . = ALIGN (0x4)
                0x00000000080061b8                __copy_table_start__ = .
                0x00000000080061b8        0x4 LONG 0x80061c4 __etext
                0x00000000080061bc        0x4 LONG 0x20001554 __data_start__
                0x00000000080061c0        0x4 LONG 0x2a ((__data_end__ - __data_start__) / 0x4)
                0x00000000080061c4                __copy_table_end__ = .

.rel.dyn        0x00000000080061c4        0x0
 .rel.iplt      0x00000000080061c4        0x0 /home/developer/SimplicityStudio_v5/developer/toolchains/gnu_arm/12.2.rel1_2023.7/bin/../lib/gcc/arm-none-eabi/12.2.1/thumb/v8-m.main+fp/hard/crtbegin.o

.zero.table     0x00000000080061c4        0x0
                0x00000000080061c4                . = ALIGN (0x4)
                0x00000000080061c4                __zero_table_start__ = .
                0x00000000080061c4                __zero_table_end__ = .
                0x00000000080061c4                __etext = .

.data           0x0000000020001554       0xa8 load address 0x00000000080061c4
                0x0000000020001554                . = ALIGN (0x4)
                0x0000000020001554                __data_start__ = .
 *(vtable)
 *(SORT_BY_ALIGNMENT(.data*))
 .data.sl_iostream_instances_info
                0x0000000020001554        0x4 ./autogen/sl_iostream_handles.o
                0x0000000020001554                sl_iostream_instances_info
 .data.sl_iostream_instance_vcom_info
                0x0000000020001558       0x10 ./autogen/sl_iostream_init_usart_instances.o
                0x0000000020001558                sl_iostream_instance_vcom_info
 .data.uart_periph_vcom
                0x0000000020001568       0x14 ./autogen/sl_iostream_init_usart_instances.o
 .data.SystemCoreClock
                0x000000002000157c        0x4 ./simplicity_sdk_2025.6.2/platform/Device/SiliconLabs/EFR32MG24/Source/system_efr32mg24.o
                0x000000002000157c                SystemCoreClock
 .data.SystemHFRCODPLLClock
                0x0000000020001580        0x4 ./simplicity_sdk_2025.6.2/platform/Device/SiliconLabs/EFR32MG24/Source/system_efr32mg24.o
 .data.SystemLFXOClock
                0x0000000020001584        0x4 ./simplicity_sdk_2025.6.2/platform/Device/SiliconLabs/EFR32MG24/Source/system_efr32mg24.o
 .data.SystemHFXOClock
                0x0000000020001588        0x4 ./simplicity_sdk_2025.6.2/platform/Device/SiliconLabs/EFR32MG24/Source/system_efr32mg24.o
 .data.heap_end.0
                0x000000002000158c        0x4 ./simplicity_sdk_2025.6.2/platform/service/memory_manager/src/sl_memory_manager_region.o
 .data._impure_ptr
                0x0000000020001590        0x4 /home/developer/SimplicityStudio_v5/developer/toolchains/gnu_arm/12.2.rel1_2023.7/bin/../lib/gcc/arm-none-eabi/12.2.1/../../../../arm-none-eabi/lib/thumb/v8-m.main+fp/hard/libc_nano.a(libc_a-impure.o)
                0x0000000020001590                _impure_ptr
 .data._impure_data
                0x0000000020001594       0x4c /home/developer/SimplicityStudio_v5/developer/toolchains/gnu_arm/12.2.rel1_2023.7/bin/../lib/gcc/arm-none-eabi/12.2.1/../../../../arm-none-eabi/lib/thumb/v8-m.main+fp/hard/libc_nano.a(libc_a-impure.o)
                0x0000000020001594                _impure_data
 .data.__sglue  0x00000000200015e0        0xc /home/developer/SimplicityStudio_v5/developer/toolchains/gnu_arm/12.2.rel1_2023.7/bin/../lib/gcc/arm-none-eabi/12.2.1/../../../../arm-none-eabi/lib/thumb/v8-m.main+fp/hard/libc_nano.a(libc_a-findfp.o)
                0x00000000200015e0                __sglue
 .data.hfxo_precision
                0x00000000200015ec        0x2 ./simplicity_sdk_2025.6.2/platform/emlib/src/em_cmu.o
 .data.lfxo_precision
                0x00000000200015ee        0x2 ./simplicity_sdk_2025.6.2/platform/emlib/src/em_cmu.o
 .data.level_mask
                0x00000000200015f0        0x1 ./simplicity_sdk_2025.6.2/app/common/util/app_log/app_log.o
 .data.level_filter_threshold
                0x00000000200015f1        0x1 ./simplicity_sdk_2025.6.2/app/common/util/app_log/app_log.o
 .data.level_filter_enabled
                0x00000000200015f2        0x1 ./simplicity_sdk_2025.6.2/app/common/util/app_log/app_log.o
 .data.ctuneDelta
                0x00000000200015f3        0x1 ./simplicity_sdk_2025.6.2/platform/emlib/src/em_cmu.o
                0x00000000200015f4                . = ALIGN (0x4)
                0x00000000200015f4                . = ALIGN (0x4)
                0x00000000200015f4                PROVIDE (__preinit_array_start = .)
 *(.preinit_array)
                0x00000000200015f4                PROVIDE (__preinit_array_end = .)
                0x00000000200015f4                . = ALIGN (0x4)
                0x00000000200015f4                PROVIDE (__init_array_start = .)
 *(SORT_BY_NAME(.init_array.*))
 *(.init_array)
 .init_array    0x00000000200015f4        0x4 /home/developer/SimplicityStudio_v5/developer/toolchains/gnu_arm/12.2.rel1_2023.7/bin/../lib/gcc/arm-none-eabi/12.2.1/thumb/v8-m.main+fp/hard/crtbegin.o
                0x00000000200015f8                PROVIDE (__init_array_end = .)
                0x00000000200015f8                . = ALIGN (0x4)
                [!provide]                        PROVIDE (__fini_array_start = .)
 *(SORT_BY_NAME(.fini_array.*))
 *(.fini_array)
 .fini_array    0x00000000200015f8        0x4 /home/developer/SimplicityStudio_v5/developer/toolchains/gnu_arm/12.2.rel1_2023.7/bin/../lib/gcc/arm-none-eabi/12.2.1/thumb/v8-m.main+fp/hard/crtbegin.o
                [!provide]                        PROVIDE (__fini_array_end = .)
                0x00000000200015fc                . = ALIGN (0x4)
                0x00000000200015fc                __data_end__ = .
                0x0000000020040000                heap_limit = (ORIGIN (RAM) + LENGTH (RAM))
                0x000000000003ea00                heap_size = (heap_limit - __HeapBase)

.tm_clone_table
                0x00000000200015fc        0x0 load address 0x000000000800626c
 .tm_clone_table
                0x00000000200015fc        0x0 /home/developer/SimplicityStudio_v5/developer/toolchains/gnu_arm/12.2.rel1_2023.7/bin/../lib/gcc/arm-none-eabi/12.2.1/thumb/v8-m.main+fp/hard/crtbegin.o
 .tm_clone_table
                0x00000000200015fc        0x0 /home/developer/SimplicityStudio_v5/developer/toolchains/gnu_arm/12.2.rel1_2023.7/bin/../lib/gcc/arm-none-eabi/12.2.1/thumb/v8-m.main+fp/hard/crtend.o

.igot.plt       0x00000000200015fc        0x0 load address 0x000000000800626c
 .igot.plt      0x00000000200015fc        0x0 /home/developer/SimplicityStudio_v5/developer/toolchains/gnu_arm/12.2.rel1_2023.7/bin/../lib/gcc/arm-none-eabi/12.2.1/thumb/v8-m.main+fp/hard/crtbegin.o

.heap           0x00000000200015fc    0x3ea04 load address 0x000000000800626c
                0x0000000020001600                . = ALIGN (0x8)
 *fill*         0x00000000200015fc        0x4 
                0x0000000020001600                __HeapBase = .
                0x0000000020040000                . = (. + heap_size)